Component: ARM Compiler 5.06 update 7 (build 960) Tool: armlink [4d3601]

==============================================================================

Section Cross References

    main.o(.text) refers to _printf_percent.o(.ARM.Collect$$_printf_percent$$00000000) for _printf_percent
    main.o(.text) refers to _printf_d.o(.ARM.Collect$$_printf_percent$$00000009) for _printf_d
    main.o(.text) refers to _printf_dec.o(.text) for _printf_int_dec
    main.o(.text) refers to _printf_f.o(.ARM.Collect$$_printf_percent$$00000003) for _printf_f
    main.o(.text) refers to printf1.o(x$fpl$printf1) for _printf_fp_dec
    main.o(.text) refers to f2d.o(x$fpl$f2d) for __aeabi_f2d
    main.o(.text) refers to dleqf.o(x$fpl$dleqf) for __aeabi_cdcmple
    main.o(.text) refers to ddiv.o(x$fpl$ddiv) for __aeabi_ddiv
    main.o(.text) refers to dmul.o(x$fpl$dmul) for __aeabi_dmul
    main.o(.text) refers to d2f.o(x$fpl$d2f) for __aeabi_d2f
    main.o(.text) refers to daddsub_clz.o(x$fpl$dsub) for __aeabi_dsub
    main.o(.text) refers to daddsub_clz.o(x$fpl$dadd) for __aeabi_dadd
    main.o(.text) refers to sensor.o(.bss) for angle
    main.o(.text) refers to cosf.o(i.__hardfp_cosf) for __hardfp_cosf
    main.o(.text) refers to noretval__2sprintf.o(.text) for __2sprintf
    main.o(.text) refers to lcd.o(.text) for LCD_ShowString
    main.o(.text) refers to lwip_comm.o(.bss) for lwipdev
    main.o(.text) refers to pid.o(.text) for pid_InitWithMax
    main.o(.text) refers to odcalc.o(.text) for TM_calc
    main.o(.text) refers to adc.o(.text) for Get_Adc_Average
    main.o(.text) refers to noretval__2printf.o(.text) for __2printf
    main.o(.text) refers to rt_memcpy_w.o(.text) for __aeabi_memcpy4
    main.o(.text) refers to fabs.o(i.__hardfp_fabs) for __hardfp_fabs
    main.o(.text) refers to main.o(.conststring) for .conststring
    main.o(.text) refers to stm32f4xx_tim.o(.text) for TIM_SetCompare1
    main.o(.text) refers to os_time.o(.text) for OSTimeDlyHMSM
    main.o(.text) refers to os_task.o(.text) for OSTaskSuspend
    main.o(.text) refers to key.o(.text) for KEY_Scan
    main.o(.text) refers to os_core.o(.text) for OSStatInit
    main.o(.text) refers to os_cpu_a.o(.text) for OS_CPU_SR_Save
    main.o(.text) refers to lwip_comm.o(.text) for lwip_comm_dhcp_creat
    main.o(.text) refers to delay.o(.text) for delay_init
    main.o(.text) refers to misc.o(.text) for NVIC_PriorityGroupConfig
    main.o(.text) refers to usart.o(.text) for uart_init
    main.o(.text) refers to led.o(.text) for LED_Init
    main.o(.text) refers to sensor.o(.text) for Sensor_GPIO
    main.o(.text) refers to pwm.o(.text) for TIM14_PWM_Init
    main.o(.text) refers to sram.o(.text) for FSMC_SRAM_Init
    main.o(.text) refers to malloc.o(.text) for mymem_init
    main.o(.text) refers to udp_demo.o(.text) for udp_demo_init
    main.o(.text) refers to udp_demo.o(.data) for udp_flag
    main.o(.text) refers to lcd.o(.data) for POINT_COLOR
    main.o(.text) refers to main.o(.bss) for LED_TASK_STK
    main.o(.text) refers to usmart_config.o(.data) for usmart_dev
    system_stm32f4xx.o(.text) refers to system_stm32f4xx.o(.data) for SystemCoreClock
    led.o(.text) refers to stm32f4xx_rcc.o(.text) for RCC_AHB1PeriphClockCmd
    led.o(.text) refers to stm32f4xx_gpio.o(.text) for GPIO_Init
    timer.o(.text) refers to stm32f4xx_rcc.o(.text) for RCC_APB1PeriphClockCmd
    timer.o(.text) refers to stm32f4xx_tim.o(.text) for TIM_TimeBaseInit
    timer.o(.text) refers to misc.o(.text) for NVIC_Init
    key.o(.text) refers to stm32f4xx_rcc.o(.text) for RCC_AHB1PeriphClockCmd
    key.o(.text) refers to stm32f4xx_gpio.o(.text) for GPIO_Init
    key.o(.text) refers to delay.o(.text) for delay_ms
    key.o(.text) refers to key.o(.data) for key_up
    lcd.o(.text) refers to _printf_percent.o(.ARM.Collect$$_printf_percent$$00000000) for _printf_percent
    lcd.o(.text) refers to _printf_x.o(.ARM.Collect$$_printf_percent$$0000000C) for _printf_x
    lcd.o(.text) refers to _printf_hex_int.o(.text) for _printf_longlong_hex
    lcd.o(.text) refers to delay.o(.text) for delay_us
    lcd.o(.text) refers to lcd.o(.bss) for lcddev
    lcd.o(.text) refers to lcd.o(.data) for POINT_COLOR
    lcd.o(.text) refers to dflt_clz.o(x$fpl$dfltu) for __aeabi_ui2d
    lcd.o(.text) refers to dmul.o(x$fpl$dmul) for __aeabi_dmul
    lcd.o(.text) refers to dfixu.o(x$fpl$dfixu) for __aeabi_d2uiz
    lcd.o(.text) refers to stm32f4xx_rcc.o(.text) for RCC_AHB1PeriphClockCmd
    lcd.o(.text) refers to stm32f4xx_gpio.o(.text) for GPIO_Init
    lcd.o(.text) refers to stm32f4xx_fsmc.o(.text) for FSMC_NORSRAMInit
    lcd.o(.text) refers to noretval__2printf.o(.text) for __2printf
    lcd.o(.text) refers to lcd.o(.constdata) for asc2_1206
    lan8720.o(.text) refers to stm32f4xx_rcc.o(.text) for RCC_AHB1PeriphClockCmd
    lan8720.o(.text) refers to stm32f4x7_eth.o(.text) for ETH_DeInit
    lan8720.o(.text) refers to misc.o(.text) for NVIC_Init
[...]
    tcp_connect                              0x08016e35   Thumb Code   352  tcp.o(.text)
    tcp_setprio                              0x08016f95   Thumb Code     4  tcp.o(.text)
    tcp_alloc                                0x0801701f   Thumb Code   182  tcp.o(.text)
    tcp_new                                  0x080170d5   Thumb Code    10  tcp.o(.text)
    tcp_arg                                  0x080170df   Thumb Code     4  tcp.o(.text)
    tcp_recv                                 0x080170e3   Thumb Code    42  tcp.o(.text)
    tcp_sent                                 0x0801710d   Thumb Code    42  tcp.o(.text)
    tcp_err                                  0x08017137   Thumb Code   258  tcp.o(.text)
    tcp_accept                               0x08017239   Thumb Code     4  tcp.o(.text)
    tcp_poll                                 0x0801723d   Thumb Code    50  tcp.o(.text)
    tcp_debug_state_str                      0x0801726f   Thumb Code    10  tcp.o(.text)
    tcp_input                                0x08018467   Thumb Code  1674  tcp_in.o(.text)
    tcp_enqueue_flags                        0x08018c61   Thumb Code   418  tcp_out.o(.text)
    tcp_send_fin                             0x08018e03   Thumb Code    74  tcp_out.o(.text)
    tcp_write                                0x080190e7   Thumb Code  1744  tcp_out.o(.text)
    tcp_send_empty_ack                       0x080197b7   Thumb Code    86  tcp_out.o(.text)
    tcp_output                               0x080198df   Thumb Code   710  tcp_out.o(.text)
    tcp_rst                                  0x08019ba5   Thumb Code   162  tcp_out.o(.text)
    tcp_rexmit_rto                           0x08019c47   Thumb Code    58  tcp_out.o(.text)
    tcp_rexmit                               0x08019c81   Thumb Code    90  tcp_out.o(.text)
    tcp_rexmit_fast                          0x08019cdb   Thumb Code   120  tcp_out.o(.text)
    tcp_keepalive                            0x08019d53   Thumb Code    84  tcp_out.o(.text)
    tcp_zero_window_probe                    0x08019da7   Thumb Code   180  tcp_out.o(.text)
    sys_timeout                              0x08019e5d   Thumb Code   174  timers.o(.text)
    tcp_timer_needed                         0x08019f33   Thumb Code    38  timers.o(.text)
    sys_timeouts_init                        0x08019fc1   Thumb Code    52  timers.o(.text)
    sys_untimeout                            0x08019ff5   Thumb Code    90  timers.o(.text)
    sys_timeouts_mbox_fetch                  0x0801a04f   Thumb Code   132  timers.o(.text)
    udp_init                                 0x0801a18d   Thumb Code     2  udp.o(.text)
    udp_input                                0x0801a1df   Thumb Code   512  udp.o(.text)
    udp_bind                                 0x0801a3df   Thumb Code   170  udp.o(.text)
    udp_sendto_if                            0x0801a489   Thumb Code   460  udp.o(.text)
    udp_sendto                               0x0801a655   Thumb Code    54  udp.o(.text)
    udp_send                                 0x0801a68b   Thumb Code    20  udp.o(.text)
    udp_connect                              0x0801a69f   Thumb Code    98  udp.o(.text)
    udp_disconnect                           0x0801a701   Thumb Code    16  udp.o(.text)
    udp_recv                                 0x0801a711   Thumb Code     6  udp.o(.text)
    udp_remove                               0x0801a717   Thumb Code    60  udp.o(.text)
    udp_new                                  0x0801a753   Thumb Code    28  udp.o(.text)
    mem_init                                 0x0801a84f   Thumb Code   114  mem.o(.text)
    mem_free                                 0x0801a8c1   Thumb Code   182  mem.o(.text)
    mem_trim                                 0x0801a977   Thumb Code   338  mem.o(.text)
    mem_malloc                               0x0801aac9   Thumb Code   796  mem.o(.text)
    mem_calloc                               0x0801ade5   Thumb Code    34  mem.o(.text)
    sys_mbox_new                             0x0801aeb9   Thumb Code   108  sys_arch.o(.text)
    sys_mbox_free                            0x0801af25   Thumb Code    56  sys_arch.o(.text)
    sys_mbox_post                            0x0801af5d   Thumb Code    28  sys_arch.o(.text)
    sys_mbox_trypost                         0x0801af79   Thumb Code    32  sys_arch.o(.text)
    sys_arch_mbox_fetch                      0x0801af99   Thumb Code   154  sys_arch.o(.text)
    sys_arch_mbox_tryfetch                   0x0801b033   Thumb Code    18  sys_arch.o(.text)
    sys_mbox_valid                           0x0801b045   Thumb Code    56  sys_arch.o(.text)
    sys_mbox_set_invalid                     0x0801b07d   Thumb Code     6  sys_arch.o(.text)
    sys_sem_new                              0x0801b083   Thumb Code    62  sys_arch.o(.text)
    sys_arch_sem_wait                        0x0801b0c1   Thumb Code    96  sys_arch.o(.text)
    sys_sem_signal                           0x0801b121   Thumb Code    12  sys_arch.o(.text)
    sys_sem_free                             0x0801b12d   Thumb Code    52  sys_arch.o(.text)
    sys_sem_valid                            0x0801b161   Thumb Code    22  sys_arch.o(.text)
    sys_sem_set_invalid                      0x0801b177   Thumb Code     6  sys_arch.o(.text)
    sys_init                                 0x0801b17d   Thumb Code     2  sys_arch.o(.text)
    sys_thread_new                           0x0801b17f   Thumb Code    66  sys_arch.o(.text)
    sys_msleep                               0x0801b1c1   Thumb Code    12  sys_arch.o(.text)
    sys_now                                  0x0801b1cd   Thumb Code    26  sys_arch.o(.text)
    netconn_new_with_proto_and_callback      0x0801b28d   Thumb Code   194  api_lib.o(.text)
    netconn_delete                           0x0801b34f   Thumb Code    36  api_lib.o(.text)
    netconn_getaddr                          0x0801b373   Thumb Code   160  api_lib.o(.text)
    netconn_bind                             0x0801b413   Thumb Code    98  api_lib.o(.text)
    netconn_connect                          0x0801b475   Thumb Code    98  api_lib.o(.text)
    netconn_disconnect                       0x0801b4d7   Thumb Code    84  api_lib.o(.text)
    netconn_listen_with_backlog              0x0801b52b   Thumb Code    86  api_lib.o(.text)
    netconn_accept                           0x0801b581   Thumb Code   808  api_lib.o(.text)
    netconn_recv_tcp_pbuf                    0x0801ba1f   Thumb Code    56  api_lib.o(.text)
    netconn_recv                             0x0801ba57   Thumb Code   270  api_lib.o(.text)
    netconn_recved                           0x0801bb65   Thumb Code    46  api_lib.o(.text)
    netconn_send                             0x0801bb93   Thumb Code    98  api_lib.o(.text)
    netconn_sendto                           0x0801bbf5   Thumb Code    44  api_lib.o(.text)
    netconn_write_partly                     0x0801bc21   Thumb Code   434  api_lib.o(.text)
    netconn_close                            0x0801be33   Thumb Code    14  api_lib.o(.text)
    netconn_shutdown                         0x0801be41   Thumb Code    36  api_lib.o(.text)
    netconn_free                             0x0801c863   Thumb Code   330  api_msg.o(.text)
    netconn_alloc                            0x0801c9ad   Thumb Code   174  api_msg.o(.text)
    do_newconn                               0x0801cbbd   Thumb Code    32  api_msg.o(.text)
    do_delconn                               0x0801cca9   Thumb Code   636  api_msg.o(.text)
    do_bind                                  0x0801cf25   Thumb Code   116  api_msg.o(.text)
    do_connect                               0x0801d06d   Thumb Code   230  api_msg.o(.text)
    do_disconnect                            0x0801d153   Thumb Code    46  api_msg.o(.text)
    do_listen                                0x0801d181   Thumb Code   388  api_msg.o(.text)
    do_send                                  0x0801d305   Thumb Code   166  api_msg.o(.text)
    do_recv                                  0x0801d3ab   Thumb Code    72  api_msg.o(.text)
    do_write                                 0x0801d3f3   Thumb Code   166  api_msg.o(.text)
    do_getaddr                               0x0801d499   Thumb Code   198  api_msg.o(.text)
    do_close                                 0x0801d55f   Thumb Code   184  api_msg.o(.text)
    netbuf_new                               0x0801d649   Thumb Code    30  netbuf.o(.text)
    netbuf_delete                            0x0801d667   Thumb Code    32  netbuf.o(.text)
    netbuf_alloc                             0x0801d687   Thumb Code   102  netbuf.o(.text)
    netbuf_free                              0x0801d6ed   Thumb Code    48  netbuf.o(.text)
    netbuf_ref                               0x0801d71d   Thumb Code    92  netbuf.o(.text)
    netbuf_chain                             0x0801d779   Thumb Code    78  netbuf.o(.text)
    netbuf_data                              0x0801d7c7   Thumb Code   122  netbuf.o(.text)
    netbuf_next                              0x0801d841   Thumb Code    64  netbuf.o(.text)
    netbuf_first                             0x0801d881   Thumb Code    36  netbuf.o(.text)
    lwip_socket_init                         0x0801d9f9   Thumb Code     2  sockets.o(.text)
    lwip_accept                              0x0801dca5   Thumb Code   668  sockets.o(.text)
    lwip_bind                                0x0801df41   Thumb Code   186  sockets.o(.text)
    lwip_close                               0x0801dffb   Thumb Code    94  sockets.o(.text)
    lwip_connect                             0x0801e059   Thumb Code   206  sockets.o(.text)
    lwip_listen                              0x0801e127   Thumb Code   136  sockets.o(.text)
    lwip_recvfrom                            0x0801e1af   Thumb Code   816  sockets.o(.text)
    lwip_read                                0x0801e4df   Thumb Code    28  sockets.o(.text)
    lwip_recv                                0x0801e4fb   Thumb Code    34  sockets.o(.text)
    lwip_sendto                              0x0801e51d   Thumb Code   278  sockets.o(.text)
    lwip_send                                0x0801e633   Thumb Code   156  sockets.o(.text)
    lwip_socket                              0x0801e6cf   Thumb Code   296  sockets.o(.text)
    lwip_write                               0x0801e7f7   Thumb Code    22  sockets.o(.text)
    lwip_select                              0x0801e989   Thumb Code   868  sockets.o(.text)
    lwip_shutdown                            0x0801eced   Thumb Code   298  sockets.o(.text)
    lwip_getpeername                         0x0801ee99   Thumb Code    22  sockets.o(.text)
    lwip_getsockname                         0x0801eeaf   Thumb Code    22  sockets.o(.text)
    lwip_getsockopt                          0x0801f0c1   Thumb Code   410  sockets.o(.text)
    lwip_setsockopt                          0x0801f411   Thumb Code   318  sockets.o(.text)
    lwip_ioctl                               0x0801f54f   Thumb Code   116  sockets.o(.text)
    lwip_fcntl                               0x0801f5c3   Thumb Code   142  sockets.o(.text)
    tcpip_input                              0x0801f737   Thumb Code    72  tcpip.o(.text)
    tcpip_callback_with_block                0x0801f77f   Thumb Code    90  tcpip.o(.text)
    tcpip_timeout                            0x0801f7d9   Thumb Code    64  tcpip.o(.text)
    tcpip_untimeout                          0x0801f819   Thumb Code    56  tcpip.o(.text)
    tcpip_apimsg                             0x0801f851   Thumb Code    60  tcpip.o(.text)
    tcpip_callbackmsg_new                    0x0801f88d   Thumb Code    32  tcpip.o(.text)
    tcpip_callbackmsg_delete                 0x0801f8ad   Thumb Code    14  tcpip.o(.text)
    tcpip_trycallback                        0x0801f8bb   Thumb Code    28  tcpip.o(.text)
    tcpip_init                               0x0801f8d7   Thumb Code    72  tcpip.o(.text)
    pbuf_free_callback                       0x0801f92d   Thumb Code    16  tcpip.o(.text)
    mem_free_callback                        0x0801f93d   Thumb Code    16  tcpip.o(.text)
    OS_StrLen                                0x0801fa09   Thumb Code    20  os_core.o(.text)
    OSEventNameGet                           0x0801fa1d   Thumb Code    98  os_core.o(.text)
    OSEventNameSet                           0x0801fa7f   Thumb Code    84  os_core.o(.text)
    OS_TaskStatStkChk                        0x0801fad3   Thumb Code    54  os_core.o(.text)
    OS_TaskStat                              0x0801fb09   Thumb Code   116  os_core.o(.text)
    OS_TaskIdle                              0x0801fbb1   Thumb Code    34  os_core.o(.text)
    OS_MemClr                                0x0801fc07   Thumb Code    18  os_core.o(.text)
    OSInit                                   0x0801fd2d   Thumb Code    52  os_core.o(.text)
    OSIntEnter                               0x0801fd61   Thumb Code    28  os_core.o(.text)
    OSIntExit                                0x0801fd97   Thumb Code   262  os_core.o(.text)
    OSSchedLock                              0x0801fe9d   Thumb Code    50  os_core.o(.text)
    OS_Sched                                 0x0801fecf   Thumb Code    88  os_core.o(.text)
    OSSchedUnlock                            0x0801ff27   Thumb Code    82  os_core.o(.text)
    OSStart                                  0x0801ff79   Thumb Code    48  os_core.o(.text)
    OSStatInit                               0x0801ffa9   Thumb Code    62  os_core.o(.text)
    OSTimeTick                               0x0801ffe7   Thumb Code   210  os_core.o(.text)
    OSVersion                                0x080200b9   Thumb Code     6  os_core.o(.text)
    OS_Dummy                                 0x080200bf   Thumb Code     2  os_core.o(.text)
    OS_EventTaskRemove                       0x080200c1   Thumb Code    42  os_core.o(.text)
    OS_EventTaskRdy                          0x080200eb   Thumb Code   114  os_core.o(.text)
    OS_EventTaskWait                         0x0802015d   Thumb Code   112  os_core.o(.text)
    OS_EventWaitListInit                     0x080201cd   Thumb Code    28  os_core.o(.text)
    OS_MemCopy                               0x080201e9   Thumb Code    20  os_core.o(.text)
    OS_TCBInit                               0x080201fd   Thumb Code   360  os_core.o(.text)
    OSFlagAccept                             0x08020379   Thumb Code   252  os_flag.o(.text)
    OSFlagCreate                             0x08020475   Thumb Code    86  os_flag.o(.text)
    OS_FlagUnlink                            0x080204cb   Thumb Code    36  os_flag.o(.text)
    OSFlagDel                                0x08020541   Thumb Code   214  os_flag.o(.text)
    OSFlagNameGet                            0x08020617   Thumb Code    80  os_flag.o(.text)
    OSFlagNameSet                            0x08020667   Thumb Code    66  os_flag.o(.text)
    OSFlagPend                               0x08020741   Thumb Code   614  os_flag.o(.text)
    OSFlagPendGetFlagsRdy                    0x080209a7   Thumb Code    26  os_flag.o(.text)
    OSFlagPost                               0x080209c1   Thumb Code   312  os_flag.o(.text)
    OSFlagQuery                              0x08020af9   Thumb Code    48  os_flag.o(.text)
    OS_FlagInit                              0x08020b29   Thumb Code    78  os_flag.o(.text)
    OSMemCreate                              0x08020b85   Thumb Code   118  os_mem.o(.text)
    OSMemGet                                 0x08020bfb   Thumb Code    62  os_mem.o(.text)
    OSMemNameGet                             0x08020c39   Thumb Code    60  os_mem.o(.text)
    OSMemNameSet                             0x08020c75   Thumb Code    48  os_mem.o(.text)
    OSMemPut                                 0x08020ca5   Thumb Code    54  os_mem.o(.text)
    OSMemQuery                               0x08020cdb   Thumb Code    52  os_mem.o(.text)
    OS_MemInit                               0x08020d0f   Thumb Code    74  os_mem.o(.text)
    OSQAccept                                0x08020d69   Thumb Code    88  os_q.o(.text)
    OSQCreate                                0x08020dc1   Thumb Code   144  os_q.o(.text)
    OSQDel                                   0x08020e51   Thumb Code   244  os_q.o(.text)
    OSQFlush                                 0x08020f45   Thumb Code    36  os_q.o(.text)
    OSQPend                                  0x08020f69   Thumb Code   272  os_q.o(.text)
    OSQPendAbort                             0x08021079   Thumb Code   128  os_q.o(.text)
    OSQPost                                  0x080210f9   Thumb Code   114  os_q.o(.text)
    OSQPostFront                             0x0802116b   Thumb Code   140  os_q.o(.text)
    OSQPostOpt                               0x080211f7   Thumb Code   182  os_q.o(.text)
    OSQQuery                                 0x080212ad   Thumb Code    98  os_q.o(.text)
    OS_QInit                                 0x0802130f   Thumb Code    72  os_q.o(.text)
    OSSemAccept                              0x08021361   Thumb Code    42  os_sem.o(.text)
    OSSemCreate                              0x0802138b   Thumb Code    72  os_sem.o(.text)
    OSSemDel                                 0x080213d3   Thumb Code   230  os_sem.o(.text)
    OSSemPend                                0x080214b9   Thumb Code   222  os_sem.o(.text)
    OSSemPendAbort                           0x08021597   Thumb Code   128  os_sem.o(.text)
    OSSemPost                                0x08021617   Thumb Code    88  os_sem.o(.text)
    OSSemQuery                               0x0802166f   Thumb Code    76  os_sem.o(.text)
    OSSemSet                                 0x080216bb   Thumb Code    66  os_sem.o(.text)
    OSTaskChangePrio                         0x0802173d   Thumb Code   308  os_task.o(.text)
    OSTaskCreate                             0x08021871   Thumb Code   148  os_task.o(.text)
    OS_TaskStkClr                            0x08021905   Thumb Code    26  os_task.o(.text)
    OSTaskCreateExt                          0x0802191f   Thumb Code   170  os_task.o(.text)
    OSTaskDel                                0x080219c9   Thumb Code   294  os_task.o(.text)
    OSTaskDelReq                             0x08021aef   Thumb Code   144  os_task.o(.text)
    OSTaskNameGet                            0x08021b7f   Thumb Code   114  os_task.o(.text)
    OSTaskNameSet                            0x08021bf1   Thumb Code    98  os_task.o(.text)
    OSTaskResume                             0x08021c53   Thumb Code   154  os_task.o(.text)
    OSTaskStkChk                             0x08021ced   Thumb Code   132  os_task.o(.text)
    OSTaskSuspend                            0x08021d71   Thumb Code   152  os_task.o(.text)
    OSTaskQuery                              0x08021e09   Thumb Code    82  os_task.o(.text)
    OSTaskRegGet                             0x08021e5b   Thumb Code    60  os_task.o(.text)
    OSTaskRegSet                             0x08021e97   Thumb Code    62  os_task.o(.text)
    OS_TaskReturn                            0x08021ed5   Thumb Code    18  os_task.o(.text)
    OSTimeDly                                0x08021f01   Thumb Code   100  os_time.o(.text)
    OSTimeDlyHMSM                            0x08021f65   Thumb Code    86  os_time.o(.text)
    OSTimeDlyResume                          0x08021fbb   Thumb Code   168  os_time.o(.text)
    OSTimeGet                                0x08022063   Thumb Code    24  os_time.o(.text)
    OSTimeSet                                0x0802207b   Thumb Code    24  os_time.o(.text)
    OSTmrCreate                              0x080220e3   Thumb Code    96  os_tmr.o(.text)
    OSTmrDel                                 0x080221bb   Thumb Code   124  os_tmr.o(.text)
    OSTmrNameGet                             0x08022237   Thumb Code   114  os_tmr.o(.text)
    OSTmrRemainGet                           0x080222a9   Thumb Code   164  os_tmr.o(.text)
    OSTmrStateGet                            0x0802234d   Thumb Code    86  os_tmr.o(.text)
    OSTmrStart                               0x08022407   Thumb Code   128  os_tmr.o(.text)
    OSTmrStop                                0x08022487   Thumb Code   210  os_tmr.o(.text)
    OSTmrSignal                              0x08022559   Thumb Code    16  os_tmr.o(.text)
    OSTmr_Init                               0x0802260d   Thumb Code   172  os_tmr.o(.text)
    OSInitHookBegin                          0x08022721   Thumb Code     8  os_cpu_c.o(.text)
    OSInitHookEnd                            0x08022729   Thumb Code     2  os_cpu_c.o(.text)
    OSTaskCreateHook                         0x0802272b   Thumb Code     2  os_cpu_c.o(.text)
    OSTaskDelHook                            0x0802272d   Thumb Code     2  os_cpu_c.o(.text)
    OSTaskIdleHook                           0x0802272f   Thumb Code     2  os_cpu_c.o(.text)
    OSTaskStatHook                           0x08022731   Thumb Code     2  os_cpu_c.o(.text)
    OSTaskStkInit                            0x08022733   Thumb Code   426  os_cpu_c.o(.text)
    OSTaskSwHook                             0x080228dd   Thumb Code     2  os_cpu_c.o(.text)
    OSTCBInitHook                            0x080228df   Thumb Code     2  os_cpu_c.o(.text)
    OSTimeTickHook                           0x080228e1   Thumb Code    30  os_cpu_c.o(.text)
    OSTaskReturnHook                         0x080228ff   Thumb Code     2  os_cpu_c.o(.text)
    OS_CPU_SR_Save                           0x08022909   Thumb Code     0  os_cpu_a.o(.text)
    OS_CPU_SR_Restore                        0x08022911   Thumb Code     0  os_cpu_a.o(.text)
    OSStartHighRdy                           0x08022917   Thumb Code     0  os_cpu_a.o(.text)
    OSCtxSw                                  0x0802293b   Thumb Code     0  os_cpu_a.o(.text)
    OSIntCtxSw                               0x08022949   Thumb Code     0  os_cpu_a.o(.text)
    PendSV_Handler                           0x08022959   Thumb Code     0  os_cpu_a.o(.text)
    mymemcpy                                 0x080229d1   Thumb Code    26  malloc.o(.text)
    mymemset                                 0x080229eb   Thumb Code    20  malloc.o(.text)
    mymem_init                               0x080229ff   Thumb Code    54  malloc.o(.text)
    mem_perused                              0x08022a35   Thumb Code    54  malloc.o(.text)
    mymem_malloc                             0x08022a6b   Thumb Code   162  malloc.o(.text)
    mymem_free                               0x08022b0d   Thumb Code    94  malloc.o(.text)
    myfree                                   0x08022b6b   Thumb Code    32  malloc.o(.text)
    mymalloc                                 0x08022b8b   Thumb Code    36  malloc.o(.text)
    myrealloc                                0x08022baf   Thumb Code    68  malloc.o(.text)
    __use_no_semihosting                     0x08022c05   Thumb Code     2  use_no_semi_2.o(.text)
    __rt_ctype_table                         0x08022c09   Thumb Code    16  rt_ctype_table.o(.text)
    __2printf                                0x08022c19   Thumb Code    20  noretval__2printf.o(.text)
    __2sprintf                               0x08022c31   Thumb Code    34  noretval__2sprintf.o(.text)
    _printf_pre_padding                      0x08022c59   Thumb Code    44  _printf_pad.o(.text)
    _printf_post_padding                     0x08022c85   Thumb Code    34  _printf_pad.o(.text)
    _printf_str                              0x08022ca7   Thumb Code    82  _printf_str.o(.text)
    _printf_int_dec                          0x08022cf9   Thumb Code   104  _printf_dec.o(.text)
    _printf_int_hex                          0x08022d71   Thumb Code    84  _printf_hex_int.o(.text)
    _printf_longlong_hex                     0x08022d71   Thumb Code     0  _printf_hex_int.o(.text)
    __printf                                 0x08022dc9   Thumb Code   388  __printf_flags_ss_wp.o(.text)
    memcmp                                   0x08022f51   Thumb Code    88  memcmp.o(.text)
    strlen                                   0x08022fa9   Thumb Code    62  strlen.o(.text)
    __aeabi_memcpy                           0x08022fe7   Thumb Code     0  rt_memcpy_v6.o(.text)
    __rt_memcpy                              0x08022fe7   Thumb Code   138  rt_memcpy_v6.o(.text)
    _memcpy_lastbytes                        0x0802304d   Thumb Code     0  rt_memcpy_v6.o(.text)
    __aeabi_memcpy4                          0x08023071   Thumb Code     0  rt_memcpy_w.o(.text)
    __aeabi_memcpy8                          0x08023071   Thumb Code     0  rt_memcpy_w.o(.text)
    __rt_memcpy_w                            0x08023071   Thumb Code   100  rt_memcpy_w.o(.text)
    _memcpy_lastbytes_aligned                0x080230b9   Thumb Code     0  rt_memcpy_w.o(.text)
    __aeabi_memclr                           0x080230d5   Thumb Code     0  rt_memclr.o(.text)
    __rt_memclr                              0x080230d5   Thumb Code    68  rt_memclr.o(.text)
    _memset                                  0x080230d9   Thumb Code     0  rt_memclr.o(.text)
    __aeabi_memclr4                          0x08023119   Thumb Code     0  rt_memclr_w.o(.text)
    __aeabi_memclr8                          0x08023119   Thumb Code     0  rt_memclr_w.o(.text)
    __rt_memclr_w                            0x08023119   Thumb Code    78  rt_memclr_w.o(.text)
    _memset_w                                0x0802311d   Thumb Code     0  rt_memclr_w.o(.text)
    strcmp                                   0x08023169   Thumb Code   128  strcmpv7m.o(.text)
    __use_two_region_memory                  0x080231e9   Thumb Code     2  heapauxi.o(.text)
    __rt_heap_escrow$2region                 0x080231eb   Thumb Code     2  heapauxi.o(.text)
    __rt_heap_expand$2region                 0x080231ed   Thumb Code     2  heapauxi.o(.text)
    __I$use$semihosting                      0x080231ef   Thumb Code     0  use_no_semi.o(.text)
    __use_no_semihosting_swi                 0x080231ef   Thumb Code     2  use_no_semi.o(.text)
    __rt_locale                              0x080231f1   Thumb Code     8  rt_locale_intlibspace.o(.text)
    __read_errno                             0x080231f9   Thumb Code    10  _rserrno.o(.text)
    __set_errno                              0x08023203   Thumb Code    12  _rserrno.o(.text)
    _printf_int_common                       0x0802320f   Thumb Code   178  _printf_intcommon.o(.text)
    __lib_sel_fp_printf                      0x080232c1   Thumb Code     2  _printf_fp_dec.o(.text)
    _printf_fp_dec_real                      0x08023473   Thumb Code   620  _printf_fp_dec.o(.text)
    _printf_char_common                      0x080236eb   Thumb Code    32  _printf_char_common.o(.text)
    _sputc                                   0x08023711   Thumb Code    10  _sputc.o(.text)
    _printf_cs_common                        0x0802371b   Thumb Code    20  _printf_char.o(.text)
    _printf_char                             0x0802372f   Thumb Code    16  _printf_char.o(.text)
    _printf_string                           0x0802373f   Thumb Code     8  _printf_char.o(.text)
    _printf_char_file                        0x08023749   Thumb Code    32  _printf_char_file.o(.text)
    __user_libspace                          0x0802376d   Thumb Code     8  libspace.o(.text)
    __user_perproc_libspace                  0x0802376d   Thumb Code     0  libspace.o(.text)
    __user_perthread_libspace                0x0802376d   Thumb Code     0  libspace.o(.text)
    __aeabi_errno_addr                       0x08023775   Thumb Code     8  rt_errno_addr_intlibspace.o(.text)
    __errno$intlibspace                      0x08023775   Thumb Code     0  rt_errno_addr_intlibspace.o(.text)
    __rt_errno_addr$intlibspace              0x08023775   Thumb Code     0  rt_errno_addr_intlibspace.o(.text)
    _ll_udiv10                               0x0802377d   Thumb Code   138  lludiv10.o(.text)
    _printf_fp_infnan                        0x08023809   Thumb Code   112  _printf_fp_infnan.o(.text)
    _btod_etento                             0x08023889   Thumb Code   224  bigflt0.o(.text)
    ferror                                   0x0802396d   Thumb Code     8  ferror.o(.text)
    __user_setup_stackheap                   0x08023975   Thumb Code    74  sys_stackheap_outer.o(.text)
    exit                                     0x080239bf   Thumb Code    18  exit.o(.text)
    _btod_d2e                                0x080239d1   Thumb Code    62  btod.o(CL$$btod_d2e)
    _d2e_denorm_low                          0x08023a0f   Thumb Code    70  btod.o(CL$$btod_d2e_denorm_low)
    _d2e_norm_op1                            0x08023a55   Thumb Code    96  btod.o(CL$$btod_d2e_norm_op1)
    __btod_div_common                        0x08023ab5   Thumb Code   696  btod.o(CL$$btod_div_common)
    _e2e                                     0x08023ded   Thumb Code   220  btod.o(CL$$btod_e2e)
    _btod_ediv                               0x08023ec9   Thumb Code    42  btod.o(CL$$btod_ediv)
    _btod_emul                               0x08023ef3   Thumb Code    42  btod.o(CL$$btod_emul)
    __btod_mult_common                       0x08023f1d   Thumb Code   580  btod.o(CL$$btod_mult_common)
    __ARM_fpclassify                         0x08024161   Thumb Code    48  fpclassify.o(i.__ARM_fpclassify)
    __ARM_fpclassifyf                        0x08024191   Thumb Code    38  fpclassifyf.o(i.__ARM_fpclassifyf)
    __hardfp_cosf                            0x080241b9   Thumb Code   280  cosf.o(i.__hardfp_cosf)
    __hardfp_fabs                            0x08024309   Thumb Code    20  fabs.o(i.__hardfp_fabs)
    __hardfp_sinf                            0x0802431d   Thumb Code   344  sinf.o(i.__hardfp_sinf)
    __hardfp_sqrtf                           0x080244ad   Thumb Code    58  sqrtf.o(i.__hardfp_sqrtf)
    __mathlib_flt_infnan                     0x080244e7   Thumb Code     6  funder.o(i.__mathlib_flt_infnan)
    __mathlib_flt_invalid                    0x080244ed   Thumb Code    10  funder.o(i.__mathlib_flt_invalid)
    __mathlib_flt_underflow                  0x080244fd   Thumb Code    10  funder.o(i.__mathlib_flt_underflow)
    __mathlib_rredf2                         0x0802450d   Thumb Code   316  rredf.o(i.__mathlib_rredf2)
    _is_digit                                0x08024661   Thumb Code    14  __printf_wp.o(i._is_digit)
    _get_lc_ctype                            0x08024671   Thumb Code    44  lc_ctype_c.o(locale$$code)
    _get_lc_numeric                          0x0802469d   Thumb Code    44  lc_numeric_c.o(locale$$code)
    __aeabi_dneg                             0x080246c9   Thumb Code     0  basic.o(x$fpl$basic)
    _dneg                                    0x080246c9   Thumb Code     6  basic.o(x$fpl$basic)
    __aeabi_fneg                             0x080246cf   Thumb Code     0  basic.o(x$fpl$basic)
    _fneg                                    0x080246cf   Thumb Code     6  basic.o(x$fpl$basic)
    _dabs                                    0x080246d5   Thumb Code     6  basic.o(x$fpl$basic)
    _fabs                                    0x080246db   Thumb Code     6  basic.o(x$fpl$basic)
    __aeabi_d2f                              0x080246e1   Thumb Code     0  d2f.o(x$fpl$d2f)
    _d2f                                     0x080246e1   Thumb Code    98  d2f.o(x$fpl$d2f)
    __aeabi_dadd                             0x08024745   Thumb Code     0  daddsub_clz.o(x$fpl$dadd)
    _dadd                                    0x08024745   Thumb Code   332  daddsub_clz.o(x$fpl$dadd)
    __fpl_dcmp_Inf                           0x08024895   Thumb Code    24  dcmpi.o(x$fpl$dcmpinf)
    __aeabi_ddiv                             0x080248ad   Thumb Code     0  ddiv.o(x$fpl$ddiv)
    _ddiv                                    0x080248ad   Thumb Code   552  ddiv.o(x$fpl$ddiv)
    __aeabi_d2uiz                            0x08024b5d   Thumb Code     0  dfixu.o(x$fpl$dfixu)
    _dfixu                                   0x08024b5d   Thumb Code    90  dfixu.o(x$fpl$dfixu)
    __aeabi_ui2d                             0x08024bb7   Thumb Code     0  dflt_clz.o(x$fpl$dfltu)
    _dfltu                                   0x08024bb7   Thumb Code    38  dflt_clz.o(x$fpl$dfltu)
    __aeabi_cdcmple                          0x08024bdd   Thumb Code     0  dleqf.o(x$fpl$dleqf)
    _dcmple                                  0x08024bdd   Thumb Code   120  dleqf.o(x$fpl$dleqf)
    __fpl_dcmple_InfNaN                      0x08024c3f   Thumb Code     0  dleqf.o(x$fpl$dleqf)
    __aeabi_dmul                             0x08024c55   Thumb Code     0  dmul.o(x$fpl$dmul)
    _dmul                                    0x08024c55   Thumb Code   332  dmul.o(x$fpl$dmul)
    __fpl_dnaninf                            0x08024da9   Thumb Code   156  dnaninf.o(x$fpl$dnaninf)
    __fpl_dretinf                            0x08024e45   Thumb Code    12  dretinf.o(x$fpl$dretinf)
    __aeabi_dsub                             0x08024e51   Thumb Code     0  daddsub_clz.o(x$fpl$dsub)
    _dsub                                    0x08024e51   Thumb Code   464  daddsub_clz.o(x$fpl$dsub)
    __aeabi_f2d                              0x08025025   Thumb Code     0  f2d.o(x$fpl$f2d)
    _f2d                                     0x08025025   Thumb Code    86  f2d.o(x$fpl$f2d)
    __fpl_fnaninf                            0x0802507b   Thumb Code   140  fnaninf.o(x$fpl$fnaninf)
    _fp_init                                 0x08025107   Thumb Code    10  fpinit.o(x$fpl$fpinit)
    __fplib_config_fpu_vfp                   0x0802510f   Thumb Code     0  fpinit.o(x$fpl$fpinit)
    __fplib_config_pureend_doubles           0x0802510f   Thumb Code     0  fpinit.o(x$fpl$fpinit)
    __fpl_fretinf                            0x08025111   Thumb Code    10  fretinf.o(x$fpl$fretinf)
    _printf_fp_dec                           0x0802511b   Thumb Code     4  printf1.o(x$fpl$printf1)
    __I$use$fp                               0x0802511e   Number         0  usenofp.o(x$fpl$usenofp)
    asc2_1206                                0x0802511e   Data        1140  lcd.o(.constdata)
    asc2_1608                                0x08025592   Data        1520  lcd.o(.constdata)
    asc2_2412                                0x08025b82   Data        3420  lcd.o(.constdata)
    FSMC_DefaultTimingStruct                 0x080268e0   Data          28  stm32f4xx_fsmc.o(.constdata)
    ethbroadcast                             0x080268fc   Data           6  etharp.o(.constdata)
    ethzero                                  0x08026902   Data           6  etharp.o(.constdata)
    ip_addr_any                              0x08026908   Data           4  ip_addr.o(.constdata)
    ip_addr_broadcast                        0x0802690c   Data           4  ip_addr.o(.constdata)
    tcp_state_str                            0x08026948   Data          44  tcp.o(.constdata)
    tcp_backoff                              0x08026974   Data          13  tcp.o(.constdata)
    tcp_persist_backoff                      0x08026981   Data           7  tcp.o(.constdata)
    tcp_pcb_lists                            0x08026988   Data          16  tcp.o(.constdata)
    pvNullPointer                            0x08026998   Data           4  sys_arch.o(.constdata)
    OSUnMapTbl                               0x080269dc   Data         256  os_core.o(.constdata)
    memtblsize                               0x08026adc   Data          12  malloc.o(.constdata)
    memblksize                               0x08026ae8   Data          12  malloc.o(.constdata)
    memsize                                  0x08026af4   Data          12  malloc.o(.constdata)
    Region$$Table$$Base                      0x0802708c   Number         0  anon$$obj.o(Region$$Table)
    Region$$Table$$Limit                     0x080270ac   Number         0  anon$$obj.o(Region$$Table)
    __ctype                                  0x080270b9   Data           0  lc_ctype_c.o(locale$$data)
    mem3base                                 0x10000000   Data       61440  malloc.o(.ARM.__AT_0x10000000)
    mem3mapbase                              0x1000f000   Data        3840  malloc.o(.ARM.__AT_0x1000F000)
    SystemCoreClock                          0x20000000   Data           4  system_stm32f4xx.o(.data)
    AHBPrescTable                            0x20000004   Data          16  system_stm32f4xx.o(.data)
    POINT_COLOR                              0x20000016   Data           2  lcd.o(.data)
    BACK_COLOR                               0x20000018   Data           2  lcd.o(.data)
    DMARxDscrTab                             0x2000001c   Data           4  lan8720.o(.data)
    DMATxDscrTab                             0x20000020   Data           4  lan8720.o(.data)
    Rx_Buff                                  0x20000024   Data           4  lan8720.o(.data)
    Tx_Buff                                  0x20000028   Data           4  lan8720.o(.data)
    ADDR                                     0x2000002c   Data           1  sensor.o(.data)
    ZF_flag                                  0x2000002d   Data           6  sensor.o(.data)
    xun                                      0x20000033   Data           1  sensor.o(.data)
    Rx_Buffer                                0x20000034   Data           6  sensor.o(.data)
    Rx_Cnt                                   0x2000003a   Data           1  sensor.o(.data)
    Rx_Cmd                                   0x2000003b   Data           1  sensor.o(.data)
    Rx_Num                                   0x2000003c   Data           1  sensor.o(.data)
    Rx_Flag                                  0x2000003d   Data           1  sensor.o(.data)
    DMATxDescToSet                           0x20000050   Data           4  stm32f4x7_eth.o(.data)
    DMARxDescToGet                           0x20000054   Data           4  stm32f4x7_eth.o(.data)
    DMA_RX_FRAME_infos                       0x20000058   Data           4  stm32f4x7_eth.o(.data)
    Frame_Rx_index                           0x2000005c   Data           4  stm32f4x7_eth.o(.data)
    __stdout                                 0x20000064   Data           4  usart.o(.data)
    USART_RX_STA                             0x20000068   Data           2  usart.o(.data)
    sys_cmd_tab                              0x2000006c   Data          28  usmart.o(.data)
    usmart_nametab                           0x20000088   Data          88  usmart_config.o(.data)
    usmart_dev                               0x200000e0   Data         244  usmart_config.o(.data)
    TCPIP_THREAD_TASK_STK                    0x200001d4   Data           4  lwip_comm.o(.data)
    LWIP_DHCP_TASK_STK                       0x200001d8   Data           4  lwip_comm.o(.data)
    udp_demo_sendbuf                         0x200001dc   Data           4  udp_demo.o(.data)
    udp_flag                                 0x200001e0   Data           1  udp_demo.o(.data)
    test                                     0x200001e4   Data          72  udp_demo.o(.data)
    current_netif                            0x2000023c   Data           4  ip.o(.data)
    current_header                           0x20000240   Data           4  ip.o(.data)
    current_iphdr_src                        0x20000244   Data           4  ip.o(.data)
    current_iphdr_dest                       0x20000248   Data           4  ip.o(.data)
    memp_memory                              0x20000294   Data           4  memp.o(.data)
    netif_list                               0x20000298   Data           4  netif.o(.data)
    netif_default                            0x2000029c   Data           4  netif.o(.data)
    tcp_ticks                                0x200002ac   Data           4  tcp.o(.data)
    tcp_bound_pcbs                           0x200002b0   Data           4  tcp.o(.data)
    tcp_listen_pcbs                          0x200002b4   Data           4  tcp.o(.data)
    tcp_active_pcbs                          0x200002b8   Data           4  tcp.o(.data)
    tcp_tw_pcbs                              0x200002bc   Data           4  tcp.o(.data)
    tcp_tmp_pcb                              0x200002c0   Data           4  tcp.o(.data)
    tcp_active_pcbs_changed                  0x200002c4   Data           1  tcp.o(.data)
    tcp_input_pcb                            0x200002e8   Data           4  tcp_in.o(.data)
    udp_pcbs                                 0x200002f8   Data           4  udp.o(.data)
    ram_heap                                 0x200002fc   Data           4  mem.o(.data)
    OSCtxSwCtr                               0x20000324   Data           4  os_core.o(.data)
    OSEventFreeList                          0x20000328   Data           4  os_core.o(.data)
    OSFlagFreeList                           0x2000032c   Data           4  os_core.o(.data)
    OSCPUUsage                               0x20000330   Data           1  os_core.o(.data)
    OSIdleCtrMax                             0x20000334   Data           4  os_core.o(.data)
    OSIdleCtrRun                             0x20000338   Data           4  os_core.o(.data)
    OSStatRdy                                0x2000033c   Data           1  os_core.o(.data)
    OSIntNesting                             0x2000033d   Data           1  os_core.o(.data)
    OSLockNesting                            0x2000033e   Data           1  os_core.o(.data)
    OSPrioCur                                0x2000033f   Data           1  os_core.o(.data)
    OSPrioHighRdy                            0x20000340   Data           1  os_core.o(.data)
    OSRdyGrp                                 0x20000341   Data           1  os_core.o(.data)
    OSRdyTbl                                 0x20000342   Data           8  os_core.o(.data)
    OSRunning                                0x2000034a   Data           1  os_core.o(.data)
    OSTaskCtr                                0x2000034b   Data           1  os_core.o(.data)
    OSIdleCtr                                0x2000034c   Data           4  os_core.o(.data)
    OSTCBCur                                 0x20000350   Data           4  os_core.o(.data)
    OSTCBFreeList                            0x20000354   Data           4  os_core.o(.data)
    OSTCBHighRdy                             0x20000358   Data           4  os_core.o(.data)
    OSTCBList                                0x2000035c   Data           4  os_core.o(.data)
    OSTickStepState                          0x20000360   Data           1  os_core.o(.data)
    OSMemFreeList                            0x20000364   Data           4  os_core.o(.data)
    OSQFreeList                              0x20000368   Data           4  os_core.o(.data)
    OSTime                                   0x2000036c   Data           4  os_core.o(.data)
    OSTmrFree                                0x20000370   Data           2  os_core.o(.data)
    OSTmrUsed                                0x20000372   Data           2  os_core.o(.data)
    OSTmrTime                                0x20000374   Data           4  os_core.o(.data)
    OSTmrSem                                 0x20000378   Data           4  os_core.o(.data)
    OSTmrSemSignal                           0x2000037c   Data           4  os_core.o(.data)
    OSTmrFreeList                            0x20000380   Data           4  os_core.o(.data)
    OSInterrputSum                           0x20000384   Data           4  os_cpu_c.o(.data)
    mallco_dev                               0x2000038c   Data          36  malloc.o(.data)
    KEY_TASK_STK                             0x200003b0   Data         512  main.o(.bss)
    LED_TASK_STK                             0x200005b0   Data         256  main.o(.bss)
    DISPLAY_TASK_STK                         0x200006b0   Data         512  main.o(.bss)
    START_TASK_STK                           0x200008b0   Data         512  main.o(.bss)
    MOTOR_TASK_STK                           0x20000ab0   Data         512  main.o(.bss)
    lcddev                                   0x20000cb0   Data          14  lcd.o(.bss)
    out                                      0x20000cc0   Data          24  sensor.o(.bss)
    out2                                     0x20000cd8   Data          24  sensor.o(.bss)
    out3                                     0x20000cf0   Data          24  sensor.o(.bss)
    anglef                                   0x20000d08   Data          24  sensor.o(.bss)
    anglef2                                  0x20000d20   Data          24  sensor.o(.bss)
    anglef3                                  0x20000d38   Data          24  sensor.o(.bss)
    anglem                                   0x20000d50   Data          24  sensor.o(.bss)
    angle                                    0x20000d68   Data          24  sensor.o(.bss)
    angle2                                   0x20000d80   Data          24  sensor.o(.bss)
    angle3                                   0x20000d98   Data          24  sensor.o(.bss)
    angle_udp                                0x20000db0   Data          72  sensor.o(.bss)
    RX_Frame_Descriptor                      0x20000df8   Data          12  stm32f4x7_eth.o(.bss)
    USART_RX_BUF                             0x20000e04   Data         200  usart.o(.bss)
    lwipdev                                  0x20000ecc   Data          23  lwip_comm.o(.bss)
    lwip_netif                               0x20000ee4   Data          52  lwip_comm.o(.bss)
    UDP_TASK_STK                             0x20000f18   Data        1200  udp_demo.o(.bss)
    udp_demo_recvbuf                         0x200013c8   Data        2000  udp_demo.o(.bss)
    dhcp_rx_options_val                      0x20001c70   Data          40  dhcp.o(.bss)
    dhcp_rx_options_given                    0x20001c98   Data          10  dhcp.o(.bss)
    OSEventTbl                               0x20001d50   Data         240  os_core.o(.bss)
    OSFlagTbl                                0x20001e40   Data          80  os_core.o(.bss)
    OSTaskStatStk                            0x20001e90   Data         512  os_core.o(.bss)
    OSTaskIdleStk                            0x20002090   Data         512  os_core.o(.bss)
    OSTCBPrioTbl                             0x20002290   Data         256  os_core.o(.bss)
    OSTCBTbl                                 0x20002390   Data        1008  os_core.o(.bss)
    OSMemTbl                                 0x20002780   Data         120  os_core.o(.bss)
    OSQTbl                                   0x200027f8   Data         120  os_core.o(.bss)
    OSTmrTbl                                 0x20002870   Data         640  os_core.o(.bss)
    OSTmrTaskStk                             0x20002af0   Data         512  os_core.o(.bss)
    OSTmrWheelTbl                            0x20002cf0   Data          64  os_core.o(.bss)
    mem1base                                 0x20002d30   Data       102400  malloc.o(.bss)
    mem1mapbase                              0x2001bd30   Data        6400  malloc.o(.bss)
    __libspace_start                         0x2001d630   Data          96  libspace.o(.bss)
    __temporary_stack_top$libspace           0x2001d690   Data           0  libspace.o(.bss)
    mem2base                                 0x68000000   Data       204800  malloc.o(.ARM.__AT_0x68000000)
    mem2mapbase                              0x68032000   Data       12800  malloc.o(.ARM.__AT_0x68032000)



==============================================================================

Memory Map of the image

  Image Entry point : 0x08000189

  Load Region LR_IROM1 (Base: 0x08000000, Size: 0x00027588, Max: 0x00100000, ABSOLUTE, COMPRESSED[0x00027314])

    Execution Region ER_IROM1 (Exec base: 0x08000000, Load base: 0x08000000, Size: 0x000271d8, Max: 0x00100000, ABSOLUTE)

    Exec Addr    Load Addr    Size         Type   Attr      Idx    E Section Name        Object

    0x08000000   0x08000000   0x00000188   Data   RO          706    RESET               startup_stm32f40_41xxx.o
    0x08000188   0x08000188   0x00000008   Code   RO         2517  * !!!main             c_w.l(__main.o)
    0x08000190   0x08000190   0x00000034   Code   RO         2850    !!!scatter          c_w.l(__scatter.o)
    0x080001c4   0x080001c4   0x0000005a   Code   RO         2848    !!dczerorl2         c_w.l(__dczerorl2.o)
    0x0800021e   0x0800021e   0x00000002   PAD
    0x08000220   0x08000220   0x0000001c   Code   RO         2852    !!handler_zi        c_w.l(__scatter_zi.o)
    0x0800023c   0x0800023c   0x00000000   Code   RO         2500    .ARM.Collect$$_printf_percent$$00000000  c_w.l(_printf_percent.o)
    0x0800023c   0x0800023c   0x00000006   Code   RO         2499    .ARM.Collect$$_printf_percent$$00000003  c_w.l(_printf_f.o)
    0x08000242   0x08000242   0x00000006   Code   RO         2497    .ARM.Collect$$_printf_percent$$00000009  c_w.l(_printf_d.o)
    0x08000248   0x08000248   0x00000006   Code   RO         2498    .ARM.Collect$$_printf_percent$$0000000A  c_w.l(_printf_u.o)
    0x0800024e   0x0800024e   0x00000006   Code   RO         2496    .ARM.Collect$$_printf_percent$$0000000C  c_w.l(_printf_x.o)
    0x08000254   0x08000254   0x00000006   Code   RO         2494    .ARM.Collect$$_printf_percent$$00000013  c_w.l(_printf_c.o)
    0x0800025a   0x0800025a   0x00000006   Code   RO         2495    .ARM.Collect$$_printf_percent$$00000014  c_w.l(_printf_s.o)
    0x08000260   0x08000260   0x00000004   Code   RO         2615    .ARM.Collect$$_printf_percent$$00000017  c_w.l(_printf_percent_end.o)
    0x08000264   0x08000264   0x00000002   Code   RO         2770    .ARM.Collect$$libinit$$00000000  c_w.l(libinit.o)
    0x08000266   0x08000266   0x00000004   Code   RO         2710    .ARM.Collect$$libinit$$00000001  c_w.l(libinit2.o)
    0x0800026a   0x0800026a   0x00000000   Code   RO         2713    .ARM.Collect$$libinit$$00000004  c_w.l(libinit2.o)
    0x0800026a   0x0800026a   0x00000000   Code   RO         2716    .ARM.Collect$$libinit$$0000000A  c_w.l(libinit2.o)
    0x0800026a   0x0800026a   0x00000000   Code   RO         2718    .ARM.Collect$$libinit$$0000000C  c_w.l(libinit2.o)
    0x0800026a   0x0800026a   0x00000000   Code   RO         2720    .ARM.Collect$$libinit$$0000000E  c_w.l(libinit2.o)
    0x0800026a   0x0800026a   0x00000006   Code   RO         2721    .ARM.Collect$$libinit$$0000000F  c_w.l(libinit2.o)
    0x08000270   0x08000270   0x00000000   Code   RO         2723    .ARM.Collect$$libinit$$00000011  c_w.l(libinit2.o)
    0x08000270   0x08000270   0x0000000c   Code   RO         2724    .ARM.Collect$$libinit$$00000012  c_w.l(libinit2.o)
    0x0800027c   0x0800027c   0x00000000   Code   RO         2725    .ARM.Collect$$libinit$$00000013  c_w.l(libinit2.o)
    0x0800027c   0x0800027c   0x00000000   Code   RO         2727    .ARM.Collect$$libinit$$00000015  c_w.l(libinit2.o)
    0x0800027c   0x0800027c   0x0000000a   Code   RO         2728    .ARM.Collect$$libinit$$00000016  c_w.l(libinit2.o)
    0x08000286   0x08000286   0x00000000   Code   RO         2729    .ARM.Collect$$libinit$$00000017  c_w.l(libinit2.o)
    0x08000286   0x08000286   0x00000000   Code   RO         2731    .ARM.Collect$$libinit$$00000019  c_w.l(libinit2.o)
    0x08000286   0x08000286   0x00000000   Code   RO         2733    .ARM.Collect$$libinit$$0000001B  c_w.l(libinit2.o)
    0x08000286   0x08000286   0x00000000   Code   RO         2735    .ARM.Collect$$libinit$$0000001D  c_w.l(libinit2.o)
    0x08000286   0x08000286   0x00000000   Code   RO         2737    .ARM.Collect$$libinit$$0000001F  c_w.l(libinit2.o)
    0x08000286   0x08000286   0x00000000   Code   RO         2739    .ARM.Collect$$libinit$$00000021  c_w.l(libinit2.o)
    0x08000286   0x08000286   0x00000000   Code   RO         2741    .ARM.Collect$$libinit$$00000023  c_w.l(libinit2.o)
    0x08000286   0x08000286   0x00000000   Code   RO         2743    .ARM.Collect$$libinit$$00000025  c_w.l(libinit2.o)
    0x08000286   0x08000286   0x00000000   Code   RO         2747    .ARM.Collect$$libinit$$0000002C  c_w.l(libinit2.o)
    0x08000286   0x08000286   0x00000000   Code   RO         2749    .ARM.Collect$$libinit$$0000002E  c_w.l(libinit2.o)
    0x08000286   0x08000286   0x00000000   Code   RO         2751    .ARM.Collect$$libinit$$00000030  c_w.l(libinit2.o)
    0x08000286   0x08000286   0x00000000   Code   RO         2753    .ARM.Collect$$libinit$$00000032  c_w.l(libinit2.o)
    0x08000286   0x08000286   0x00000002   Code   RO         2754    .ARM.Collect$$libinit$$00000033  c_w.l(libinit2.o)
    0x08000288   0x08000288   0x00000002   Code   RO         2803    .ARM.Collect$$libshutdown$$00000000  c_w.l(libshutdown.o)
    0x0800028a   0x0800028a   0x00000000   Code   RO         2809    .ARM.Collect$$libshutdown$$00000002  c_w.l(libshutdown2.o)
    0x0800028a   0x0800028a   0x00000000   Code   RO         2811    .ARM.Collect$$libshutdown$$00000004  c_w.l(libshutdown2.o)
    0x0800028a   0x0800028a   0x00000000   Code   RO         2813    .ARM.Collect$$libshutdown$$00000006  c_w.l(libshutdown2.o)
    0x0800028a   0x0800028a   0x00000000   Code   RO         2816    .ARM.Collect$$libshutdown$$00000009  c_w.l(libshutdown2.o)
    0x0800028a   0x0800028a   0x00000000   Code   RO         2819    .ARM.Collect$$libshutdown$$0000000C  c_w.l(libshutdown2.o)
    0x0800028a   0x0800028a   0x00000000   Code   RO         2821    .ARM.Collect$$libshutdown$$0000000E  c_w.l(libshutdown2.o)
    0x0800028a   0x0800028a   0x00000000   Code   RO         2824    .ARM.Collect$$libshutdown$$00000011  c_w.l(libshutdown2.o)
    0x0800028a   0x0800028a   0x00000002   Code   RO         2825    .ARM.Collect$$libshutdown$$00000012  c_w.l(libshutdown2.o)
    0x0800028c   0x0800028c   0x00000000   Code   RO         2595    .ARM.Collect$$rtentry$$00000000  c_w.l(__rtentry.o)
    0x0800028c   0x0800028c   0x00000000   Code   RO         2653    .ARM.Collect$$rtentry$$00000002  c_w.l(__rtentry2.o)
    0x0800028c   0x0800028c   0x00000006   Code   RO         2665    .ARM.Collect$$rtentry$$00000004  c_w.l(__rtentry4.o)
    0x08000292   0x08000292   0x00000000   Code   RO         2655    .ARM.Collect$$rtentry$$00000009  c_w.l(__rtentry2.o)
    0x08000292   0x08000292   0x00000004   Code   RO         2656    .ARM.Collect$$rtentry$$0000000A  c_w.l(__rtentry2.o)
    0x08000296   0x08000296   0x00000000   Code   RO         2658    .ARM.Collect$$rtentry$$0000000C  c_w.l(__rtentry2.o)
    0x08000296   0x08000296   0x00000008   Code   RO         2659    .ARM.Collect$$rtentry$$0000000D  c_w.l(__rtentry2.o)
    0x0800029e   0x0800029e   0x00000002   Code   RO         2773    .ARM.Collect$$rtexit$$00000000  c_w.l(rtexit.o)
    0x080002a0   0x080002a0   0x00000000   Code   RO         2782    .ARM.Collect$$rtexit$$00000002  c_w.l(rtexit2.o)
    0x080002a0   0x080002a0   0x00000004   Code   RO         2783    .ARM.Collect$$rtexit$$00000003  c_w.l(rtexit2.o)
    0x080002a4   0x080002a4   0x00000006   Code   RO         2784    .ARM.Collect$$rtexit$$00000004  c_w.l(rtexit2.o)
    0x080002aa   0x080002aa   0x00000002   PAD
    0x080002ac   0x080002ac   0x00001f48   Code   RO            3    .text               main.o
    0x080021f4   0x080021f4   0x00000014   Code   RO          243    .text               stm32f4xx_it.o
    0x08002208   0x08002208   0x00000210   Code   RO          367    .text               system_stm32f4xx.o
    0x08002418   0x08002418   0x00000084   Code   RO          393    .text               led.o
    0x0800249c   0x0800249c   0x00000070   Code   RO          445    .text               timer.o
    0x0800250c   0x0800250c   0x000000e0   Code   RO          482    .text               key.o
    0x080025ec   0x080025ec   0x00004ca8   Code   RO          509    .text               lcd.o
    0x08007294   0x08007294   0x00000390   Code   RO          551    .text               lan8720.o
    0x08007624   0x08007624   0x000002a4   Code   RO          586    .text               sram.o
    0x080078c8   0x080078c8   0x000013d8   Code   RO          609    .text               sensor.o
    0x08008ca0   0x08008ca0   0x000001a8   Code   RO          631    .text               pid.o
    0x08008e48   0x08008e48   0x0000018c   Code   RO          648    .text               pwm.o
    0x08008fd4   0x08008fd4   0x00002310   Code   RO          669    .text               odcalc.o
    0x0800b2e4   0x0800b2e4   0x000000e0   Code   RO          683    .text               adc.o
    0x0800b3c4   0x0800b3c4   0x00000040   Code   RO          707    .text               startup_stm32f40_41xxx.o
    0x0800b404   0x0800b404   0x000000e0   Code   RO          713    .text               misc.o
    0x0800b4e4   0x0800b4e4   0x00000294   Code   RO          733    .text               stm32f4xx_gpio.o
    0x0800b778   0x0800b778   0x0000065c   Code   RO          753    .text               stm32f4xx_rcc.o
    0x0800bdd4   0x0800bdd4   0x00000094   Code   RO          775    .text               stm32f4xx_syscfg.o
    0x0800be68   0x0800be68   0x00000ca2   Code   RO          795    .text               stm32f4xx_tim.o
    0x0800cb0a   0x0800cb0a   0x00000002   PAD
    0x0800cb0c   0x0800cb0c   0x00000454   Code   RO          815    .text               stm32f4xx_usart.o
    0x0800cf60   0x0800cf60   0x00000e40   Code   RO          835    .text               stm32f4x7_eth.o
    0x0800dda0   0x0800dda0   0x00000464   Code   RO          862    .text               stm32f4xx_adc.o
    0x0800e204   0x0800e204   0x000005c8   Code   RO          882    .text               stm32f4xx_fsmc.o
    0x0800e7cc   0x0800e7cc   0x00000128   Code   RO          905    .text               delay.o
    0x0800e8f4   0x0800e8f4   0x0000015c   Code   RO          959    .text               usart.o
    0x0800ea50   0x0800ea50   0x00000c3c   Code   RO          990    .text               usmart.o
    0x0800f68c   0x0800f68c   0x00000528   Code   RO         1045    .text               usmart_str.o
    0x0800fbb4   0x0800fbb4   0x00000518   Code   RO         1065    .text               lwip_comm.o
    0x080100cc   0x080100cc   0x0000016c   Code   RO         1193    .text               udp_demo.o
    0x08010238   0x08010238   0x00000e84   Code   RO         1240    .text               etharp.o
    0x080110bc   0x080110bc   0x00000228   Code   RO         1284    .text               ethernetif.o
    0x080112e4   0x080112e4   0x00000424   Code   RO         1340    .text               icmp.o
    0x08011708   0x08011708   0x000002b4   Code   RO         1405    .text               inet_chksum.o
    0x080119bc   0x080119bc   0x00000430   Code   RO         1425    .text               ip.o
    0x08011dec   0x08011dec   0x0000032c   Code   RO         1460    .text               ip_addr.o
    0x08012118   0x08012118   0x00000a28   Code   RO         1497    .text               ip_frag.o
    0x08012b40   0x08012b40   0x0000003e   Code   RO         1522    .text               def.o
    0x08012b7e   0x08012b7e   0x00000002   PAD
    0x08012b80   0x08012b80   0x00001a6c   Code   RO         1542    .text               dhcp.o
    0x080145ec   0x080145ec   0x00000024   Code   RO         1584    .text               init.o
    0x08014610   0x08014610   0x000001d4   Code   RO         1619    .text               memp.o
    0x080147e4   0x080147e4   0x00000340   Code   RO         1660    .text               netif.o
    0x08014b24   0x08014b24   0x000010a0   Code   RO         1690    .text               pbuf.o
    0x08015bc4   0x08015bc4   0x0000024c   Code   RO         1710    .text               raw.o
    0x08015e10   0x08015e10   0x0000148c   Code   RO         1746    .text               tcp.o
    0x0801729c   0x0801729c   0x00001878   Code   RO         1778    .text               tcp_in.o
    0x08018b14   0x08018b14   0x00001346   Code   RO         1809    .text               tcp_out.o
    0x08019e5a   0x08019e5a   0x00000002   PAD
    0x08019e5c   0x08019e5c   0x00000330   Code   RO         1830    .text               timers.o
    0x0801a18c   0x0801a18c   0x000005e8   Code   RO         1879    .text               udp.o
    0x0801a774   0x0801a774   0x00000744   Code   RO         1916    .text               mem.o
    0x0801aeb8   0x0801aeb8   0x000003d4   Code   RO         1939    .text               sys_arch.o
    0x0801b28c   0x0801b28c   0x00000bfc   Code   RO         1972    .text               api_lib.o
    0x0801be88   0x0801be88   0x000017c0   Code   RO         2011    .text               api_msg.o
    0x0801d648   0x0801d648   0x000003b0   Code   RO         2054    .text               netbuf.o
    0x0801d9f8   0x0801d9f8   0x00001c58   Code   RO         2105    .text               sockets.o
    0x0801f650   0x0801f650   0x000003b8   Code   RO         2129    .text               tcpip.o
    0x0801fa08   0x0801fa08   0x00000970   Code   RO         2160    .text               os_core.o
    0x08020378   0x08020378   0x0000080c   Code   RO         2188    .text               os_flag.o
    0x08020b84   0x08020b84   0x000001e4   Code   RO         2228    .text               os_mem.o
    0x08020d68   0x08020d68   0x000005f8   Code   RO         2268    .text               os_q.o
    0x08021360   0x08021360   0x000003dc   Code   RO         2288    .text               os_sem.o
    0x0802173c   0x0802173c   0x000007c4   Code   RO         2308    .text               os_task.o
    0x08021f00   0x08021f00   0x000001b0   Code   RO         2328    .text               os_time.o
    0x080220b0   0x080220b0   0x00000670   Code   RO         2348    .text               os_tmr.o
    0x08022720   0x08022720   0x000001e8   Code   RO         2368    .text               os_cpu_c.o
    0x08022908   0x08022908   0x000000c8   Code   RO         2396    .text               os_cpu_a.o
    0x080229d0   0x080229d0   0x00000234   Code   RO         2401    .text               malloc.o
    0x08022c04   0x08022c04   0x00000002   Code   RO         2433    .text               c_w.l(use_no_semi_2.o)
    0x08022c06   0x08022c06   0x00000002   PAD
    0x08022c08   0x08022c08   0x00000010   Code   RO         2435    .text               c_w.l(rt_ctype_table.o)
    0x08022c18   0x08022c18   0x00000018   Code   RO         2441    .text               c_w.l(noretval__2printf.o)
    0x08022c30   0x08022c30   0x00000028   Code   RO         2443    .text               c_w.l(noretval__2sprintf.o)
    0x08022c58   0x08022c58   0x0000004e   Code   RO         2447    .text               c_w.l(_printf_pad.o)
    0x08022ca6   0x08022ca6   0x00000052   Code   RO         2449    .text               c_w.l(_printf_str.o)
    0x08022cf8   0x08022cf8   0x00000078   Code   RO         2451    .text               c_w.l(_printf_dec.o)
    0x08022d70   0x08022d70   0x00000058   Code   RO         2456    .text               c_w.l(_printf_hex_int.o)
    0x08022dc8   0x08022dc8   0x00000188   Code   RO         2491    .text               c_w.l(__printf_flags_ss_wp.o)
    0x08022f50   0x08022f50   0x00000058   Code   RO         2501    .text               c_w.l(memcmp.o)
    0x08022fa8   0x08022fa8   0x0000003e   Code   RO         2503    .text               c_w.l(strlen.o)
    0x08022fe6   0x08022fe6   0x0000008a   Code   RO         2505    .text               c_w.l(rt_memcpy_v6.o)
    0x08023070   0x08023070   0x00000064   Code   RO         2507    .text               c_w.l(rt_memcpy_w.o)
    0x080230d4   0x080230d4   0x00000044   Code   RO         2509    .text               c_w.l(rt_memclr.o)
    0x08023118   0x08023118   0x0000004e   Code   RO         2511    .text               c_w.l(rt_memclr_w.o)
    0x08023166   0x08023166   0x00000002   PAD
    0x08023168   0x08023168   0x00000080   Code   RO         2513    .text               c_w.l(strcmpv7m.o)
    0x080231e8   0x080231e8   0x00000006   Code   RO         2515    .text               c_w.l(heapauxi.o)
    0x080231ee   0x080231ee   0x00000002   Code   RO         2593    .text               c_w.l(use_no_semi.o)
    0x080231f0   0x080231f0   0x00000008   Code   RO         2599    .text               c_w.l(rt_locale_intlibspace.o)
    0x080231f8   0x080231f8   0x00000016   Code   RO         2601    .text               c_w.l(_rserrno.o)
    0x0802320e   0x0802320e   0x000000b2   Code   RO         2603    .text               c_w.l(_printf_intcommon.o)
    0x080232c0   0x080232c0   0x0000041e   Code   RO         2605    .text               c_w.l(_printf_fp_dec.o)
    0x080236de   0x080236de   0x00000002   PAD
    0x080236e0   0x080236e0   0x00000030   Code   RO         2607    .text               c_w.l(_printf_char_common.o)
    0x08023710   0x08023710   0x0000000a   Code   RO         2609    .text               c_w.l(_sputc.o)
    0x0802371a   0x0802371a   0x0000002c   Code   RO         2611    .text               c_w.l(_printf_char.o)
    0x08023746   0x08023746   0x00000002   PAD
    0x08023748   0x08023748   0x00000024   Code   RO         2613    .text               c_w.l(_printf_char_file.o)
    0x0802376c   0x0802376c   0x00000008   Code   RO         2649    .text               c_w.l(libspace.o)
    0x08023774   0x08023774   0x00000008   Code   RO         2670    .text               c_w.l(rt_errno_addr_intlibspace.o)
    0x0802377c   0x0802377c   0x0000008a   Code   RO         2672    .text               c_w.l(lludiv10.o)
    0x08023806   0x08023806   0x00000002   PAD
    0x08023808   0x08023808   0x00000080   Code   RO         2674    .text               c_w.l(_printf_fp_infnan.o)
    0x08023888   0x08023888   0x000000e4   Code   RO         2678    .text               c_w.l(bigflt0.o)
    0x0802396c   0x0802396c   0x00000008   Code   RO         2703    .text               c_w.l(ferror.o)
    0x08023974   0x08023974   0x0000004a   Code   RO         2759    .text               c_w.l(sys_stackheap_outer.o)
    0x080239be   0x080239be   0x00000012   Code   RO         2761    .text               c_w.l(exit.o)
    0x080239d0   0x080239d0   0x0000003e   Code   RO         2681    CL$$btod_d2e        c_w.l(btod.o)
    0x08023a0e   0x08023a0e   0x00000046   Code   RO         2683    CL$$btod_d2e_denorm_low  c_w.l(btod.o)
    0x08023a54   0x08023a54   0x00000060   Code   RO         2682    CL$$btod_d2e_norm_op1  c_w.l(btod.o)
    0x08023ab4   0x08023ab4   0x00000338   Code   RO         2691    CL$$btod_div_common  c_w.l(btod.o)
    0x08023dec   0x08023dec   0x000000dc   Code   RO         2688    CL$$btod_e2e        c_w.l(btod.o)
    0x08023ec8   0x08023ec8   0x0000002a   Code   RO         2685    CL$$btod_ediv       c_w.l(btod.o)
    0x08023ef2   0x08023ef2   0x0000002a   Code   RO         2684    CL$$btod_emul       c_w.l(btod.o)
    0x08023f1c   0x08023f1c   0x00000244   Code   RO         2690    CL$$btod_mult_common  c_w.l(btod.o)
    0x08024160   0x08024160   0x00000030   Code   RO         2757    i.__ARM_fpclassify  m_wm.l(fpclassify.o)
    0x08024190   0x08024190   0x00000026   Code   RO         2630    i.__ARM_fpclassifyf  m_wm.l(fpclassifyf.o)
    0x080241b6   0x080241b6   0x00000002   PAD
    0x080241b8   0x080241b8   0x00000150   Code   RO         2551    i.__hardfp_cosf     m_wm.l(cosf.o)
    0x08024308   0x08024308   0x00000014   Code   RO         2563    i.__hardfp_fabs     m_wm.l(fabs.o)
    0x0802431c   0x0802431c   0x00000190   Code   RO         2569    i.__hardfp_sinf     m_wm.l(sinf.o)
    0x080244ac   0x080244ac   0x0000003a   Code   RO         2581    i.__hardfp_sqrtf    m_wm.l(sqrtf.o)
    0x080244e6   0x080244e6   0x00000006   Code   RO         2633    i.__mathlib_flt_infnan  m_wm.l(funder.o)
    0x080244ec   0x080244ec   0x00000010   Code   RO         2635    i.__mathlib_flt_invalid  m_wm.l(funder.o)
    0x080244fc   0x080244fc   0x00000010   Code   RO         2638    i.__mathlib_flt_underflow  m_wm.l(funder.o)
    0x0802450c   0x0802450c   0x00000154   Code   RO         2646    i.__mathlib_rredf2  m_wm.l(rredf.o)
    0x08024660   0x08024660   0x0000000e   Code   RO         2484    i._is_digit         c_w.l(__printf_wp.o)
    0x0802466e   0x0802466e   0x00000002   PAD
    0x08024670   0x08024670   0x0000002c   Code   RO         2617    locale$$code        c_w.l(lc_ctype_c.o)
    0x0802469c   0x0802469c   0x0000002c   Code   RO         2708    locale$$code        c_w.l(lc_numeric_c.o)
    0x080246c8   0x080246c8   0x00000018   Code   RO         2519    x$fpl$basic         fz_wm.l(basic.o)
    0x080246e0   0x080246e0   0x00000062   Code   RO         2521    x$fpl$d2f           fz_wm.l(d2f.o)
    0x08024742   0x08024742   0x00000002   PAD
    0x08024744   0x08024744   0x00000150   Code   RO         2523    x$fpl$dadd          fz_wm.l(daddsub_clz.o)
    0x08024894   0x08024894   0x00000018   Code   RO         2619    x$fpl$dcmpinf       fz_wm.l(dcmpi.o)
    0x080248ac   0x080248ac   0x000002b0   Code   RO         2530    x$fpl$ddiv          fz_wm.l(ddiv.o)
    0x08024b5c   0x08024b5c   0x0000005a   Code   RO         2533    x$fpl$dfixu         fz_wm.l(dfixu.o)
    0x08024bb6   0x08024bb6   0x00000026   Code   RO         2537    x$fpl$dfltu         fz_wm.l(dflt_clz.o)
    0x08024bdc   0x08024bdc   0x00000078   Code   RO         2543    x$fpl$dleqf         fz_wm.l(dleqf.o)
    0x08024c54   0x08024c54   0x00000154   Code   RO         2545    x$fpl$dmul          fz_wm.l(dmul.o)
    0x08024da8   0x08024da8   0x0000009c   Code   RO         2621    x$fpl$dnaninf       fz_wm.l(dnaninf.o)
    0x08024e44   0x08024e44   0x0000000c   Code   RO         2623    x$fpl$dretinf       fz_wm.l(dretinf.o)
    0x08024e50   0x08024e50   0x000001d4   Code   RO         2525    x$fpl$dsub          fz_wm.l(daddsub_clz.o)
    0x08025024   0x08025024   0x00000056   Code   RO         2547    x$fpl$f2d           fz_wm.l(f2d.o)
    0x0802507a   0x0802507a   0x0000008c   Code   RO         2625    x$fpl$fnaninf       fz_wm.l(fnaninf.o)
    0x08025106   0x08025106   0x0000000a   Code   RO         2771    x$fpl$fpinit        fz_wm.l(fpinit.o)
    0x08025110   0x08025110   0x0000000a   Code   RO         2627    x$fpl$fretinf       fz_wm.l(fretinf.o)
    0x0802511a   0x0802511a   0x00000004   Code   RO         2549    x$fpl$printf1       fz_wm.l(printf1.o)
    0x0802511e   0x0802511e   0x00000000   Code   RO         2629    x$fpl$usenofp       fz_wm.l(usenofp.o)
    0x0802511e   0x0802511e   0x000017c0   Data   RO          511    .constdata          lcd.o
    0x080268de   0x080268de   0x00000002   PAD
    0x080268e0   0x080268e0   0x0000001c   Data   RO          883    .constdata          stm32f4xx_fsmc.o
    0x080268fc   0x080268fc   0x0000000c   Data   RO         1242    .constdata          etharp.o
    0x08026908   0x08026908   0x00000008   Data   RO         1462    .constdata          ip_addr.o
    0x08026910   0x08026910   0x00000038   Data   RO         1621    .constdata          memp.o
    0x08026948   0x08026948   0x00000050   Data   RO         1747    .constdata          tcp.o
    0x08026998   0x08026998   0x00000004   Data   RO         1940    .constdata          sys_arch.o
    0x0802699c   0x0802699c   0x00000040   Data   RO         2107    .constdata          sockets.o
    0x080269dc   0x080269dc   0x00000100   Data   RO         2162    .constdata          os_core.o
    0x08026adc   0x08026adc   0x00000024   Data   RO         2407    .constdata          malloc.o
    0x08026b00   0x08026b00   0x00000028   Data   RO         2457    .constdata          c_w.l(_printf_hex_int.o)
    0x08026b28   0x08026b28   0x00000011   Data   RO         2492    .constdata          c_w.l(__printf_flags_ss_wp.o)
    0x08026b39   0x08026b39   0x00000003   PAD
    0x08026b3c   0x08026b3c   0x00000020   Data   RO         2647    .constdata          m_wm.l(rredf.o)
    0x08026b5c   0x08026b5c   0x00000094   Data   RO         2679    .constdata          c_w.l(bigflt0.o)
    0x08026bf0   0x08026bf0   0x00000061   Data   RO            5    .conststring        main.o
    0x08026c51   0x08026c51   0x00000003   PAD
    0x08026c54   0x08026c54   0x00000028   Data   RO          991    .conststring        usmart.o
    0x08026c7c   0x08026c7c   0x000001a7   Data   RO         1021    .conststring        usmart_config.o
    0x08026e23   0x08026e23   0x00000001   PAD
    0x08026e24   0x08026e24   0x00000030   Data   RO         1195    .conststring        udp_demo.o
    0x08026e54   0x08026e54   0x00000044   Data   RO         1243    .conststring        etharp.o
    0x08026e98   0x08026e98   0x0000008c   Data   RO         1544    .conststring        dhcp.o
    0x08026f24   0x08026f24   0x000000a0   Data   RO         1622    .conststring        memp.o
    0x08026fc4   0x08026fc4   0x0000006d   Data   RO         1748    .conststring        tcp.o
    0x08027031   0x08027031   0x00000003   PAD
    0x08027034   0x08027034   0x00000055   Data   RO         1810    .conststring        tcp_out.o
    0x08027089   0x08027089   0x00000003   PAD
    0x0802708c   0x0802708c   0x00000020   Data   RO         2846    Region$$Table       anon$$obj.o
    0x080270ac   0x080270ac   0x00000110   Data   RO         2616    locale$$data        c_w.l(lc_ctype_c.o)
    0x080271bc   0x080271bc   0x0000001c   Data   RO         2707    locale$$data        c_w.l(lc_numeric_c.o)


    Execution Region RW_IRAM1 (Exec base: 0x20000000, Load base: 0x080271d8, Size: 0x0001dc90, Max: 0x00020000, ABSOLUTE, COMPRESSED[0x0000013c])

    Exec Addr    Load Addr    Size         Type   Attr      Idx    E Section Name        Object

    0x20000000   COMPRESSED   0x00000014   Data   RW          368    .data               system_stm32f4xx.o
    0x20000014   COMPRESSED   0x00000001   Data   RW          483    .data               key.o
    0x20000015   COMPRESSED   0x00000001   PAD
    0x20000016   COMPRESSED   0x00000004   Data   RW          512    .data               lcd.o
    0x2000001a   COMPRESSED   0x00000002   PAD
    0x2000001c   COMPRESSED   0x00000010   Data   RW          552    .data               lan8720.o
    0x2000002c   COMPRESSED   0x00000012   Data   RW          611    .data               sensor.o
    0x2000003e   COMPRESSED   0x00000010   Data   RW          754    .data               stm32f4xx_rcc.o
    0x2000004e   COMPRESSED   0x00000002   PAD
    0x20000050   COMPRESSED   0x00000010   Data   RW          837    .data               stm32f4x7_eth.o
    0x20000060   COMPRESSED   0x00000004   Data   RW          906    .data               delay.o
    0x20000064   COMPRESSED   0x00000006   Data   RW          961    .data               usart.o
    0x2000006a   COMPRESSED   0x00000002   PAD
    0x2000006c   COMPRESSED   0x0000001c   Data   RW          992    .data               usmart.o
    0x20000088   COMPRESSED   0x0000014c   Data   RW         1022    .data               usmart_config.o
    0x200001d4   COMPRESSED   0x00000008   Data   RW         1067    .data               lwip_comm.o
    0x200001dc   COMPRESSED   0x0000005c   Data   RW         1196    .data               udp_demo.o
    0x20000238   COMPRESSED   0x00000001   Data   RW         1244    .data               etharp.o
    0x20000239   COMPRESSED   0x00000003   PAD
    0x2000023c   COMPRESSED   0x00000012   Data   RW         1426    .data               ip.o
    0x2000024e   COMPRESSED   0x00000002   PAD
    0x20000250   COMPRESSED   0x00000006   Data   RW         1498    .data               ip_frag.o
    0x20000256   COMPRESSED   0x00000002   PAD
    0x20000258   COMPRESSED   0x00000004   Data   RW         1545    .data               dhcp.o
    0x2000025c   COMPRESSED   0x0000003c   Data   RW         1623    .data               memp.o
    0x20000298   COMPRESSED   0x00000009   Data   RW         1661    .data               netif.o
    0x200002a1   COMPRESSED   0x00000003   PAD
    0x200002a4   COMPRESSED   0x00000004   Data   RW         1711    .data               raw.o
    0x200002a8   COMPRESSED   0x00000024   Data   RW         1749    .data               tcp.o
    0x200002cc   COMPRESSED   0x00000020   Data   RW         1780    .data               tcp_in.o
    0x200002ec   COMPRESSED   0x00000008   Data   RW         1831    .data               timers.o
    0x200002f4   COMPRESSED   0x00000008   Data   RW         1880    .data               udp.o
    0x200002fc   COMPRESSED   0x00000014   Data   RW         1917    .data               mem.o
    0x20000310   COMPRESSED   0x00000008   Data   RW         2108    .data               sockets.o
    0x20000318   COMPRESSED   0x0000000c   Data   RW         2130    .data               tcpip.o
    0x20000324   COMPRESSED   0x00000060   Data   RW         2163    .data               os_core.o
    0x20000384   COMPRESSED   0x00000006   Data   RW         2369    .data               os_cpu_c.o
    0x2000038a   COMPRESSED   0x00000002   PAD
    0x2000038c   COMPRESSED   0x00000024   Data   RW         2408    .data               malloc.o
    0x200003b0        -       0x00000900   Zero   RW            4    .bss                main.o
    0x20000cb0        -       0x0000000e   Zero   RW          510    .bss                lcd.o
    0x20000cbe   COMPRESSED   0x00000002   PAD
    0x20000cc0        -       0x00000138   Zero   RW          610    .bss                sensor.o
    0x20000df8        -       0x0000000c   Zero   RW          836    .bss                stm32f4x7_eth.o
    0x20000e04        -       0x000000c8   Zero   RW          960    .bss                usart.o
    0x20000ecc        -       0x0000004c   Zero   RW         1066    .bss                lwip_comm.o
    0x20000f18        -       0x00000c80   Zero   RW         1194    .bss                udp_demo.o
    0x20001b98        -       0x000000c8   Zero   RW         1241    .bss                etharp.o
    0x20001c60        -       0x00000010   Zero   RW         1461    .bss                ip_addr.o
    0x20001c70        -       0x00000032   Zero   RW         1543    .bss                dhcp.o
    0x20001ca2   COMPRESSED   0x00000002   PAD
    0x20001ca4        -       0x00000038   Zero   RW         1620    .bss                memp.o
    0x20001cdc        -       0x00000014   Zero   RW         1779    .bss                tcp_in.o
    0x20001cf0        -       0x00000060   Zero   RW         2106    .bss                sockets.o
    0x20001d50        -       0x00000fe0   Zero   RW         2161    .bss                os_core.o
    0x20002d30        -       0x0001a900   Zero   RW         2406    .bss                malloc.o
    0x2001d630        -       0x00000060   Zero   RW         2650    .bss                c_w.l(libspace.o)
    0x2001d690        -       0x00000200   Zero   RW          705    HEAP                startup_stm32f40_41xxx.o
    0x2001d890        -       0x00000400   Zero   RW          704    STACK               startup_stm32f40_41xxx.o



  Load Region LR$$.ARM.__AT_0x10000000 (Base: 0x10000000, Size: 0x00000000, Max: 0x0000f000, ABSOLUTE)

    Execution Region ER$$.ARM.__AT_0x10000000 (Exec base: 0x10000000, Load base: 0x10000000, Size: 0x0000f000, Max: 0x0000f000, ABSOLUTE, UNINIT)

    Exec Addr    Load Addr    Size         Type   Attr      Idx    E Section Name        Object

    0x10000000        -       0x0000f000   Zero   RW         2402    .ARM.__AT_0x10000000  malloc.o



  Load Region LR$$.ARM.__AT_0x1000F000 (Base: 0x1000f000, Size: 0x00000000, Max: 0x00000f00, ABSOLUTE)

    Execution Region ER$$.ARM.__AT_0x1000F000 (Exec base: 0x1000f000, Load base: 0x1000f000, Size: 0x00000f00, Max: 0x00000f00, ABSOLUTE, UNINIT)

    Exec Addr    Load Addr    Size         Type   Attr      Idx    E Section Name        Object

    0x1000f000        -       0x00000f00   Zero   RW         2403    .ARM.__AT_0x1000F000  malloc.o



  Load Region LR$$.ARM.__AT_0x68000000 (Base: 0x68000000, Size: 0x00000000, Max: 0x00032000, ABSOLUTE)

    Execution Region ER$$.ARM.__AT_0x68000000 (Exec base: 0x68000000, Load base: 0x68000000, Size: 0x00032000, Max: 0x00032000, ABSOLUTE, UNINIT)

    Exec Addr    Load Addr    Size         Type   Attr      Idx    E Section Name        Object

    0x68000000        -       0x00032000   Zero   RW         2404    .ARM.__AT_0x68000000  malloc.o



  Load Region LR$$.ARM.__AT_0x68032000 (Base: 0x68032000, Size: 0x00000000, Max: 0x00003200, ABSOLUTE)

    Execution Region ER$$.ARM.__AT_0x68032000 (Exec base: 0x68032000, Load base: 0x68032000, Size: 0x00003200, Max: 0x00003200, ABSOLUTE, UNINIT)

    Exec Addr    Load Addr    Size         Type   Attr      Idx    E Section Name        Object

    0x68032000        -       0x00003200   Zero   RW         2405    .ARM.__AT_0x68032000  malloc.o


==============================================================================

Image component sizes


      Code (inc. data)   RO Data    RW Data    ZI Data      Debug   Object Name

       224         10          0          0          0       1203   adc.o
      3068        818          0          0          0      18285   api_lib.o
      6080       1222          0          0          0      10755   api_msg.o
        62          0          0          0          0       1306   def.o
       296         16          0          4          0      11257   delay.o
      6764       1090        140          4         50      13778   dhcp.o
      3716        604         80          1        200      11099   etharp.o
       552        134          0          0          0       4970   ethernetif.o
      1060        372          0          0          0       7045   icmp.o
         0          0          0          0          0       1896   inet.o
       692        104          0          0          0       3213   inet_chksum.o
        36          0          0          0          0       4648   init.o
      1072        172          0         18          0       7431   ip.o
       812        112          8          0         16       9791   ip_addr.o
      2600        486          0          6          0       7660   ip_frag.o
       224         20          0          1          0        912   key.o
       912         56          0         16          0       3841   lan8720.o
     19624        168       6080          4         14      23010   lcd.o
       132         10          0          0          0     244063   led.o
      1304        474          0          8         76      31516   lwip_comm.o
      8008       1670         97          0       2304     248304   main.o
       564         18         36         36     391680       5119   malloc.o
      1860        568          0         20          0       4310   mem.o
       468        196        216         60         56       3268   memp.o
       224         20          0          0          0       2029   misc.o
       944        340          0          0          0       3229   netbuf.o
       832        124          0          9          0       6717   netif.o
      8976         86          0          0          0       3191   odcalc.o
      2416        248        256         96       4064      17380   os_core.o
       200         32          0          0          0        364   os_cpu_a.o
       488          8          0          6          0      12410   os_cpu_c.o
      2060         42          0          0          0       7296   os_flag.o
       484         16          0          0          0       3372   os_mem.o
      1528         34          0          0          0       5869   os_q.o
       988         64          0          0          0       4166   os_sem.o
      1988         70          0          0          0       7973   os_task.o
       432         30          0          0          0       1914   os_time.o
      1648        134          0          0          0       5837   os_tmr.o
      4256       1236          0          0          0       9789   pbuf.o
       424         48          0          0          0       2813   pid.o
       396         16          0          0          0       1996   pwm.o
       588        134          0          4          0       3593   raw.o
      5080        304          0         18        312       5325   sensor.o
      7256        666         64          8         96      18514   sockets.o
       676         18          0          0          0       2325   sram.o
        64         26        392          0       1536        872   startup_stm32f40_41xxx.o
      3648         96          0         16         12      20170   stm32f4x7_eth.o
      1124         24          0          0          0      10898   stm32f4xx_adc.o
      1480         18         28          0          0       5918   stm32f4xx_fsmc.o
       660         44          0          0          0       4365   stm32f4xx_gpio.o
        20          0          0          0          0      57183   stm32f4xx_it.o
      1628         52          0         16          0      13304   stm32f4xx_rcc.o
       148         12          0          0          0       1937   stm32f4xx_syscfg.o
      3234         60          0          0          0      23220   stm32f4xx_tim.o
      1108         34          0          0          0       8092   stm32f4xx_usart.o
       980        166          4          0          0       6750   sys_arch.o
       528         46          0         20          0       1887   system_stm32f4xx.o
      5260       1092        189         36          0      22367   tcp.o
      6264        964          0         32         20      15347   tcp_in.o
      4934        954         85          0          0      10151   tcp_out.o
       952        194          0         12          0      10324   tcpip.o
       112          4          0          0          0      36800   timer.o
       816        186          0          8          0       3779   timers.o
      1512        202          0          8          0      14685   udp.o
       364         90         48         92       3200      10463   udp_demo.o
       348         18          0          6        200       3450   usart.o
      3132       1290         40         28          0       4442   usmart.o
         0          0        423        332          0       1752   usmart_config.o
      1320         12          0          0          0       5409   usmart_str.o

    ----------------------------------------------------------------------
    141656      17574       8230        944     403840    1098347   Object Totals
         0          0         32          0          0          0   (incl. Generated)
         6          0         12         19          4          0   (incl. Padding)

    ----------------------------------------------------------------------

      Code (inc. data)   RO Data    RW Data    ZI Data      Debug   Library Member Name

        90          0          0          0          0          0   __dczerorl2.o
         8          0          0          0          0         68   __main.o
       392          4         17          0          0         92   __printf_flags_ss_wp.o
        14          0          0          0          0         68   __printf_wp.o
         0          0          0          0          0          0   __rtentry.o
        12          0          0          0          0          0   __rtentry2.o
         6          0          0          0          0          0   __rtentry4.o
        52          8          0          0          0          0   __scatter.o
        28          0          0          0          0          0   __scatter_zi.o
         6          0          0          0          0          0   _printf_c.o
        44          0          0          0          0        108   _printf_char.o
        48          6          0          0          0         96   _printf_char_common.o
        36          4          0          0          0         80   _printf_char_file.o
         6          0          0          0          0          0   _printf_d.o
       120         16          0          0          0         92   _printf_dec.o
         6          0          0          0          0          0   _printf_f.o
      1054          0          0          0          0        216   _printf_fp_dec.o
       128         16          0          0          0         84   _printf_fp_infnan.o
        88          4         40          0          0         88   _printf_hex_int.o
       178          0          0          0          0         88   _printf_intcommon.o
        78          0          0          0          0        108   _printf_pad.o
         0          0          0          0          0          0   _printf_percent.o
         4          0          0          0          0          0   _printf_percent_end.o
         6          0          0          0          0          0   _printf_s.o
        82          0          0          0          0         80   _printf_str.o
         6          0          0          0          0          0   _printf_u.o
         6          0          0          0          0          0   _printf_x.o
        22          0          0          0          0        100   _rserrno.o
        10          0          0          0          0         68   _sputc.o
       228          4        148          0          0         96   bigflt0.o
      1936        128          0          0          0        672   btod.o
        18          0          0          0          0         80   exit.o
         8          0          0          0          0         68   ferror.o
         6          0          0          0          0        152   heapauxi.o
        44         10        272          0          0         76   lc_ctype_c.o
        44         10         28          0          0         76   lc_numeric_c.o
         2          0          0          0          0          0   libinit.o
        34          0          0          0          0          0   libinit2.o
         2          0          0          0          0          0   libshutdown.o
         2          0          0          0          0          0   libshutdown2.o
         8          4          0          0         96         68   libspace.o
       138          0          0          0          0         80   lludiv10.o
        88          0          0          0          0         76   memcmp.o
        24          4          0          0          0         84   noretval__2printf.o
        40          6          0          0          0         84   noretval__2sprintf.o
        16          4          0          0          0         76   rt_ctype_table.o
         8          4          0          0          0         68   rt_errno_addr_intlibspace.o
         8          4          0          0          0         68   rt_locale_intlibspace.o
        68          0          0          0          0         68   rt_memclr.o
        78          0          0          0          0         80   rt_memclr_w.o
       138          0          0          0          0         68   rt_memcpy_v6.o
       100          0          0          0          0         80   rt_memcpy_w.o
         2          0          0          0          0          0   rtexit.o
        10          0          0          0          0          0   rtexit2.o
       128          0          0          0          0         68   strcmpv7m.o
        62          0          0          0          0         76   strlen.o
        74          0          0          0          0         80   sys_stackheap_outer.o
         2          0          0          0          0         68   use_no_semi.o
         2          0          0          0          0         68   use_no_semi_2.o
        24          0          0          0          0        164   basic.o
        98          4          0          0          0        140   d2f.o
       804         16          0          0          0        368   daddsub_clz.o
        24          0          0          0          0        116   dcmpi.o
       688        140          0          0          0        256   ddiv.o
        90          4          0          0          0        140   dfixu.o
        38          0          0          0          0        116   dflt_clz.o
       120          4          0          0          0        140   dleqf.o
       340         12          0          0          0        152   dmul.o
       156          4          0          0          0        140   dnaninf.o
        12          0          0          0          0        116   dretinf.o
        86          4          0          0          0        132   f2d.o
       140          4          0          0          0        132   fnaninf.o
        10          0          0          0          0        116   fpinit.o
        10          0          0          0          0        116   fretinf.o
         4          0          0          0          0        116   printf1.o
         0          0          0          0          0          0   usenofp.o
       336         56          0          0          0        136   cosf.o
        20          0          0          0          0        124   fabs.o
        48          0          0          0          0        124   fpclassify.o
        38          0          0          0          0        116   fpclassifyf.o
        38         12          0          0          0        348   funder.o
       340         24         32          0          0        160   rredf.o
       400         56          0          0          0        212   sinf.o
        58          0          0          0          0        136   sqrtf.o

    ----------------------------------------------------------------------
      9790        576        540          0         96       7732   Library Totals
        20          0          3          0          0          0   (incl. Padding)

    ----------------------------------------------------------------------

      Code (inc. data)   RO Data    RW Data    ZI Data      Debug   Library Name

      5848        236        505          0         96       3916   c_w.l
      2644        192          0          0          0       2460   fz_wm.l
      1278        148         32          0          0       1356   m_wm.l

    ----------------------------------------------------------------------
      9790        576        540          0         96       7732   Library Totals

    ----------------------------------------------------------------------

==============================================================================


      Code (inc. data)   RO Data    RW Data    ZI Data      Debug   

    151446      18150       8770        944     403936    1088043   Grand Totals
    151446      18150       8770        316     403936    1088043   ELF Image Totals (compressed)
    151446      18150       8770        316          0          0   ROM Totals

==============================================================================

    Total RO  Size (Code + RO Data)               160216 ( 156.46kB)
    Total RW  Size (RW Data + ZI Data)            404880 ( 395.39kB)
    Total ROM Size (Code + RO Data + RW Data)     160532 ( 156.77kB)

==============================================================================

