Component: ARM Compiler 5.06 update 7 (build 960) Tool: armlink [4d3601]

==============================================================================

Section Cross References

    main.o(.text) refers to _printf_percent.o(.ARM.Collect$$_printf_percent$$00000000) for _printf_percent
    main.o(.text) refers to _printf_d.o(.ARM.Collect$$_printf_percent$$00000009) for _printf_d
    main.o(.text) refers to _printf_dec.o(.text) for _printf_int_dec
    main.o(.text) refers to _printf_f.o(.ARM.Collect$$_printf_percent$$00000003) for _printf_f
    main.o(.text) refers to printf1.o(x$fpl$printf1) for _printf_fp_dec
    main.o(.text) refers to f2d.o(x$fpl$f2d) for __aeabi_f2d
    main.o(.text) refers to dleqf.o(x$fpl$dleqf) for __aeabi_cdcmple
    main.o(.text) refers to ddiv.o(x$fpl$ddiv) for __aeabi_ddiv
    main.o(.text) refers to dmul.o(x$fpl$dmul) for __aeabi_dmul
    main.o(.text) refers to d2f.o(x$fpl$d2f) for __aeabi_d2f
    main.o(.text) refers to daddsub_clz.o(x$fpl$dsub) for __aeabi_dsub
    main.o(.text) refers to daddsub_clz.o(x$fpl$dadd) for __aeabi_dadd
    main.o(.text) refers to sensor.o(.bss) for angle
    main.o(.text) refers to cosf.o(i.__hardfp_cosf) for __hardfp_cosf
    main.o(.text) refers to noretval__2sprintf.o(.text) for __2sprintf
    main.o(.text) refers to lcd.o(.text) for LCD_ShowString
    main.o(.text) refers to lwip_comm.o(.bss) for lwipdev
    main.o(.text) refers to pid.o(.text) for pid_InitWithMax
    main.o(.text) refers to odcalc.o(.text) for TM_calc
    main.o(.text) refers to adc.o(.text) for Get_Adc_Average
    main.o(.text) refers to noretval__2printf.o(.text) for __2printf
    main.o(.text) refers to key.o(.text) for KEY_Scan
    main.o(.text) refers to stm32f4xx_gpio.o(.text) for GPIO_SetBits
    main.o(.text) refers to main.o(.conststring) for .conststring
    main.o(.text) refers to stm32f4xx_tim.o(.text) for TIM_SetCompare1
    main.o(.text) refers to os_time.o(.text) for OSTimeDlyHMSM
    main.o(.text) refers to os_task.o(.text) for OSTaskSuspend
    main.o(.text) refers to os_core.o(.text) for OSStatInit
    main.o(.text) refers to os_cpu_a.o(.text) for OS_CPU_SR_Save
    main.o(.text) refers to lwip_comm.o(.text) for lwip_comm_dhcp_creat
    main.o(.text) refers to delay.o(.text) for delay_init
    main.o(.text) refers to misc.o(.text) for NVIC_PriorityGroupConfig
    main.o(.text) refers to usart.o(.text) for uart_init
    main.o(.text) refers to led.o(.text) for LED_Init
    main.o(.text) refers to sensor.o(.text) for Sensor_GPIO
    main.o(.text) refers to pwm.o(.text) for TIM14_PWM_Init
    main.o(.text) refers to sram.o(.text) for FSMC_SRAM_Init
    main.o(.text) refers to malloc.o(.text) for mymem_init
    main.o(.text) refers to udp_demo.o(.text) for udp_demo_init
    main.o(.text) refers to udp_demo.o(.data) for udp_flag
    main.o(.text) refers to lcd.o(.data) for POINT_COLOR
    main.o(.text) refers to main.o(.bss) for LED_TASK_STK
    main.o(.text) refers to usmart_config.o(.data) for usmart_dev
    system_stm32f4xx.o(.text) refers to system_stm32f4xx.o(.data) for SystemCoreClock
    led.o(.text) refers to stm32f4xx_rcc.o(.text) for RCC_AHB1PeriphClockCmd
    led.o(.text) refers to stm32f4xx_gpio.o(.text) for GPIO_Init
    timer.o(.text) refers to stm32f4xx_rcc.o(.text) for RCC_APB1PeriphClockCmd
    timer.o(.text) refers to stm32f4xx_tim.o(.text) for TIM_TimeBaseInit
    timer.o(.text) refers to misc.o(.text) for NVIC_Init
    key.o(.text) refers to stm32f4xx_rcc.o(.text) for RCC_AHB1PeriphClockCmd
    key.o(.text) refers to stm32f4xx_gpio.o(.text) for GPIO_Init
    key.o(.text) refers to delay.o(.text) for delay_ms
    key.o(.text) refers to key.o(.data) for key_up
    lcd.o(.text) refers to _printf_percent.o(.ARM.Collect$$_printf_percent$$00000000) for _printf_percent
    lcd.o(.text) refers to _printf_x.o(.ARM.Collect$$_printf_percent$$0000000C) for _printf_x
    lcd.o(.text) refers to _printf_hex_int.o(.text) for _printf_longlong_hex
    lcd.o(.text) refers to delay.o(.text) for delay_us
    lcd.o(.text) refers to lcd.o(.bss) for lcddev
    lcd.o(.text) refers to lcd.o(.data) for POINT_COLOR
    lcd.o(.text) refers to dflt_clz.o(x$fpl$dfltu) for __aeabi_ui2d
    lcd.o(.text) refers to dmul.o(x$fpl$dmul) for __aeabi_dmul
    lcd.o(.text) refers to dfixu.o(x$fpl$dfixu) for __aeabi_d2uiz
    lcd.o(.text) refers to stm32f4xx_rcc.o(.text) for RCC_AHB1PeriphClockCmd
    lcd.o(.text) refers to stm32f4xx_gpio.o(.text) for GPIO_Init
    lcd.o(.text) refers to stm32f4xx_fsmc.o(.text) for FSMC_NORSRAMInit
    lcd.o(.text) refers to noretval__2printf.o(.text) for __2printf
    lcd.o(.text) refers to lcd.o(.constdata) for asc2_1206
    lan8720.o(.text) refers to stm32f4xx_rcc.o(.text) for RCC_AHB1PeriphClockCmd
    lan8720.o(.text) refers to stm32f4x7_eth.o(.text) for ETH_DeInit
    lan8720.o(.text) refers to misc.o(.text) for NVIC_Init
    lan8720.o(.text) refers to stm32f4xx_syscfg.o(.text) for SYSCFG_ETH_MediaInterfaceConfig
[...]
    tcp_connect                              0x08016ec1   Thumb Code   352  tcp.o(.text)
    tcp_setprio                              0x08017021   Thumb Code     4  tcp.o(.text)
    tcp_alloc                                0x080170ab   Thumb Code   182  tcp.o(.text)
    tcp_new                                  0x08017161   Thumb Code    10  tcp.o(.text)
    tcp_arg                                  0x0801716b   Thumb Code     4  tcp.o(.text)
    tcp_recv                                 0x0801716f   Thumb Code    42  tcp.o(.text)
    tcp_sent                                 0x08017199   Thumb Code    42  tcp.o(.text)
    tcp_err                                  0x080171c3   Thumb Code   258  tcp.o(.text)
    tcp_accept                               0x080172c5   Thumb Code     4  tcp.o(.text)
    tcp_poll                                 0x080172c9   Thumb Code    50  tcp.o(.text)
    tcp_debug_state_str                      0x080172fb   Thumb Code    10  tcp.o(.text)
    tcp_input                                0x080184f3   Thumb Code  1674  tcp_in.o(.text)
    tcp_enqueue_flags                        0x08018ced   Thumb Code   418  tcp_out.o(.text)
    tcp_send_fin                             0x08018e8f   Thumb Code    74  tcp_out.o(.text)
    tcp_write                                0x08019173   Thumb Code  1744  tcp_out.o(.text)
    tcp_send_empty_ack                       0x08019843   Thumb Code    86  tcp_out.o(.text)
    tcp_output                               0x0801996b   Thumb Code   710  tcp_out.o(.text)
    tcp_rst                                  0x08019c31   Thumb Code   162  tcp_out.o(.text)
    tcp_rexmit_rto                           0x08019cd3   Thumb Code    58  tcp_out.o(.text)
    tcp_rexmit                               0x08019d0d   Thumb Code    90  tcp_out.o(.text)
    tcp_rexmit_fast                          0x08019d67   Thumb Code   120  tcp_out.o(.text)
    tcp_keepalive                            0x08019ddf   Thumb Code    84  tcp_out.o(.text)
    tcp_zero_window_probe                    0x08019e33   Thumb Code   180  tcp_out.o(.text)
    sys_timeout                              0x08019ee9   Thumb Code   174  timers.o(.text)
    tcp_timer_needed                         0x08019fbf   Thumb Code    38  timers.o(.text)
    sys_timeouts_init                        0x0801a04d   Thumb Code    52  timers.o(.text)
    sys_untimeout                            0x0801a081   Thumb Code    90  timers.o(.text)
    sys_timeouts_mbox_fetch                  0x0801a0db   Thumb Code   132  timers.o(.text)
    udp_init                                 0x0801a219   Thumb Code     2  udp.o(.text)
    udp_input                                0x0801a26b   Thumb Code   512  udp.o(.text)
    udp_bind                                 0x0801a46b   Thumb Code   170  udp.o(.text)
    udp_sendto_if                            0x0801a515   Thumb Code   460  udp.o(.text)
    udp_sendto                               0x0801a6e1   Thumb Code    54  udp.o(.text)
    udp_send                                 0x0801a717   Thumb Code    20  udp.o(.text)
    udp_connect                              0x0801a72b   Thumb Code    98  udp.o(.text)
    udp_disconnect                           0x0801a78d   Thumb Code    16  udp.o(.text)
    udp_recv                                 0x0801a79d   Thumb Code     6  udp.o(.text)
    udp_remove                               0x0801a7a3   Thumb Code    60  udp.o(.text)
    udp_new                                  0x0801a7df   Thumb Code    28  udp.o(.text)
    mem_init                                 0x0801a8db   Thumb Code   114  mem.o(.text)
    mem_free                                 0x0801a94d   Thumb Code   182  mem.o(.text)
    mem_trim                                 0x0801aa03   Thumb Code   338  mem.o(.text)
    mem_malloc                               0x0801ab55   Thumb Code   796  mem.o(.text)
    mem_calloc                               0x0801ae71   Thumb Code    34  mem.o(.text)
    sys_mbox_new                             0x0801af45   Thumb Code   108  sys_arch.o(.text)
    sys_mbox_free                            0x0801afb1   Thumb Code    56  sys_arch.o(.text)
    sys_mbox_post                            0x0801afe9   Thumb Code    28  sys_arch.o(.text)
    sys_mbox_trypost                         0x0801b005   Thumb Code    32  sys_arch.o(.text)
    sys_arch_mbox_fetch                      0x0801b025   Thumb Code   154  sys_arch.o(.text)
    sys_arch_mbox_tryfetch                   0x0801b0bf   Thumb Code    18  sys_arch.o(.text)
    sys_mbox_valid                           0x0801b0d1   Thumb Code    56  sys_arch.o(.text)
    sys_mbox_set_invalid                     0x0801b109   Thumb Code     6  sys_arch.o(.text)
    sys_sem_new                              0x0801b10f   Thumb Code    62  sys_arch.o(.text)
    sys_arch_sem_wait                        0x0801b14d   Thumb Code    96  sys_arch.o(.text)
    sys_sem_signal                           0x0801b1ad   Thumb Code    12  sys_arch.o(.text)
    sys_sem_free                             0x0801b1b9   Thumb Code    52  sys_arch.o(.text)
    sys_sem_valid                            0x0801b1ed   Thumb Code    22  sys_arch.o(.text)
    sys_sem_set_invalid                      0x0801b203   Thumb Code     6  sys_arch.o(.text)
    sys_init                                 0x0801b209   Thumb Code     2  sys_arch.o(.text)
    sys_thread_new                           0x0801b20b   Thumb Code    66  sys_arch.o(.text)
    sys_msleep                               0x0801b24d   Thumb Code    12  sys_arch.o(.text)
    sys_now                                  0x0801b259   Thumb Code    26  sys_arch.o(.text)
    netconn_new_with_proto_and_callback      0x0801b319   Thumb Code   194  api_lib.o(.text)
    netconn_delete                           0x0801b3db   Thumb Code    36  api_lib.o(.text)
    netconn_getaddr                          0x0801b3ff   Thumb Code   160  api_lib.o(.text)
    netconn_bind                             0x0801b49f   Thumb Code    98  api_lib.o(.text)
    netconn_connect                          0x0801b501   Thumb Code    98  api_lib.o(.text)
    netconn_disconnect                       0x0801b563   Thumb Code    84  api_lib.o(.text)
    netconn_listen_with_backlog              0x0801b5b7   Thumb Code    86  api_lib.o(.text)
    netconn_accept                           0x0801b60d   Thumb Code   808  api_lib.o(.text)
    netconn_recv_tcp_pbuf                    0x0801baab   Thumb Code    56  api_lib.o(.text)
    netconn_recv                             0x0801bae3   Thumb Code   270  api_lib.o(.text)
    netconn_recved                           0x0801bbf1   Thumb Code    46  api_lib.o(.text)
    netconn_send                             0x0801bc1f   Thumb Code    98  api_lib.o(.text)
    netconn_sendto                           0x0801bc81   Thumb Code    44  api_lib.o(.text)
    netconn_write_partly                     0x0801bcad   Thumb Code   434  api_lib.o(.text)
    netconn_close                            0x0801bebf   Thumb Code    14  api_lib.o(.text)
    netconn_shutdown                         0x0801becd   Thumb Code    36  api_lib.o(.text)
    netconn_free                             0x0801c8ef   Thumb Code   330  api_msg.o(.text)
    netconn_alloc                            0x0801ca39   Thumb Code   174  api_msg.o(.text)
    do_newconn                               0x0801cc49   Thumb Code    32  api_msg.o(.text)
    do_delconn                               0x0801cd35   Thumb Code   636  api_msg.o(.text)
    do_bind                                  0x0801cfb1   Thumb Code   116  api_msg.o(.text)
    do_connect                               0x0801d0f9   Thumb Code   230  api_msg.o(.text)
    do_disconnect                            0x0801d1df   Thumb Code    46  api_msg.o(.text)
    do_listen                                0x0801d20d   Thumb Code   388  api_msg.o(.text)
    do_send                                  0x0801d391   Thumb Code   166  api_msg.o(.text)
    do_recv                                  0x0801d437   Thumb Code    72  api_msg.o(.text)
    do_write                                 0x0801d47f   Thumb Code   166  api_msg.o(.text)
    do_getaddr                               0x0801d525   Thumb Code   198  api_msg.o(.text)
    do_close                                 0x0801d5eb   Thumb Code   184  api_msg.o(.text)
    netbuf_new                               0x0801d6d5   Thumb Code    30  netbuf.o(.text)
    netbuf_delete                            0x0801d6f3   Thumb Code    32  netbuf.o(.text)
    netbuf_alloc                             0x0801d713   Thumb Code   102  netbuf.o(.text)
    netbuf_free                              0x0801d779   Thumb Code    48  netbuf.o(.text)
    netbuf_ref                               0x0801d7a9   Thumb Code    92  netbuf.o(.text)
    netbuf_chain                             0x0801d805   Thumb Code    78  netbuf.o(.text)
    netbuf_data                              0x0801d853   Thumb Code   122  netbuf.o(.text)
    netbuf_next                              0x0801d8cd   Thumb Code    64  netbuf.o(.text)
    netbuf_first                             0x0801d90d   Thumb Code    36  netbuf.o(.text)
    lwip_socket_init                         0x0801da85   Thumb Code     2  sockets.o(.text)
    lwip_accept                              0x0801dd31   Thumb Code   668  sockets.o(.text)
    lwip_bind                                0x0801dfcd   Thumb Code   186  sockets.o(.text)
    lwip_close                               0x0801e087   Thumb Code    94  sockets.o(.text)
    lwip_connect                             0x0801e0e5   Thumb Code   206  sockets.o(.text)
    lwip_listen                              0x0801e1b3   Thumb Code   136  sockets.o(.text)
    lwip_recvfrom                            0x0801e23b   Thumb Code   816  sockets.o(.text)
    lwip_read                                0x0801e56b   Thumb Code    28  sockets.o(.text)
    lwip_recv                                0x0801e587   Thumb Code    34  sockets.o(.text)
    lwip_sendto                              0x0801e5a9   Thumb Code   278  sockets.o(.text)
    lwip_send                                0x0801e6bf   Thumb Code   156  sockets.o(.text)
    lwip_socket                              0x0801e75b   Thumb Code   296  sockets.o(.text)
    lwip_write                               0x0801e883   Thumb Code    22  sockets.o(.text)
    lwip_select                              0x0801ea15   Thumb Code   868  sockets.o(.text)
    lwip_shutdown                            0x0801ed79   Thumb Code   298  sockets.o(.text)
    lwip_getpeername                         0x0801ef25   Thumb Code    22  sockets.o(.text)
    lwip_getsockname                         0x0801ef3b   Thumb Code    22  sockets.o(.text)
    lwip_getsockopt                          0x0801f14d   Thumb Code   410  sockets.o(.text)
    lwip_setsockopt                          0x0801f49d   Thumb Code   318  sockets.o(.text)
    lwip_ioctl                               0x0801f5db   Thumb Code   116  sockets.o(.text)
    lwip_fcntl                               0x0801f64f   Thumb Code   142  sockets.o(.text)
    tcpip_input                              0x0801f7c3   Thumb Code    72  tcpip.o(.text)
    tcpip_callback_with_block                0x0801f80b   Thumb Code    90  tcpip.o(.text)
    tcpip_timeout                            0x0801f865   Thumb Code    64  tcpip.o(.text)
    tcpip_untimeout                          0x0801f8a5   Thumb Code    56  tcpip.o(.text)
    tcpip_apimsg                             0x0801f8dd   Thumb Code    60  tcpip.o(.text)
    tcpip_callbackmsg_new                    0x0801f919   Thumb Code    32  tcpip.o(.text)
    tcpip_callbackmsg_delete                 0x0801f939   Thumb Code    14  tcpip.o(.text)
    tcpip_trycallback                        0x0801f947   Thumb Code    28  tcpip.o(.text)
    tcpip_init                               0x0801f963   Thumb Code    72  tcpip.o(.text)
    pbuf_free_callback                       0x0801f9b9   Thumb Code    16  tcpip.o(.text)
    mem_free_callback                        0x0801f9c9   Thumb Code    16  tcpip.o(.text)
    OS_StrLen                                0x0801fa95   Thumb Code    20  os_core.o(.text)
    OSEventNameGet                           0x0801faa9   Thumb Code    98  os_core.o(.text)
    OSEventNameSet                           0x0801fb0b   Thumb Code    84  os_core.o(.text)
    OS_TaskStatStkChk                        0x0801fb5f   Thumb Code    54  os_core.o(.text)
    OS_TaskStat                              0x0801fb95   Thumb Code   116  os_core.o(.text)
    OS_TaskIdle                              0x0801fc3d   Thumb Code    34  os_core.o(.text)
    OS_MemClr                                0x0801fc93   Thumb Code    18  os_core.o(.text)
    OSInit                                   0x0801fdb9   Thumb Code    52  os_core.o(.text)
    OSIntEnter                               0x0801fded   Thumb Code    28  os_core.o(.text)
    OSIntExit                                0x0801fe23   Thumb Code   262  os_core.o(.text)
    OSSchedLock                              0x0801ff29   Thumb Code    50  os_core.o(.text)
    OS_Sched                                 0x0801ff5b   Thumb Code    88  os_core.o(.text)
    OSSchedUnlock                            0x0801ffb3   Thumb Code    82  os_core.o(.text)
    OSStart                                  0x08020005   Thumb Code    48  os_core.o(.text)
    OSStatInit                               0x08020035   Thumb Code    62  os_core.o(.text)
    OSTimeTick                               0x08020073   Thumb Code   210  os_core.o(.text)
    OSVersion                                0x08020145   Thumb Code     6  os_core.o(.text)
    OS_Dummy                                 0x0802014b   Thumb Code     2  os_core.o(.text)
    OS_EventTaskRemove                       0x0802014d   Thumb Code    42  os_core.o(.text)
    OS_EventTaskRdy                          0x08020177   Thumb Code   114  os_core.o(.text)
    OS_EventTaskWait                         0x080201e9   Thumb Code   112  os_core.o(.text)
    OS_EventWaitListInit                     0x08020259   Thumb Code    28  os_core.o(.text)
    OS_MemCopy                               0x08020275   Thumb Code    20  os_core.o(.text)
    OS_TCBInit                               0x08020289   Thumb Code   360  os_core.o(.text)
    OSFlagAccept                             0x08020405   Thumb Code   252  os_flag.o(.text)
    OSFlagCreate                             0x08020501   Thumb Code    86  os_flag.o(.text)
    OS_FlagUnlink                            0x08020557   Thumb Code    36  os_flag.o(.text)
    OSFlagDel                                0x080205cd   Thumb Code   214  os_flag.o(.text)
    OSFlagNameGet                            0x080206a3   Thumb Code    80  os_flag.o(.text)
    OSFlagNameSet                            0x080206f3   Thumb Code    66  os_flag.o(.text)
    OSFlagPend                               0x080207cd   Thumb Code   614  os_flag.o(.text)
    OSFlagPendGetFlagsRdy                    0x08020a33   Thumb Code    26  os_flag.o(.text)
    OSFlagPost                               0x08020a4d   Thumb Code   312  os_flag.o(.text)
    OSFlagQuery                              0x08020b85   Thumb Code    48  os_flag.o(.text)
    OS_FlagInit                              0x08020bb5   Thumb Code    78  os_flag.o(.text)
    OSMemCreate                              0x08020c11   Thumb Code   118  os_mem.o(.text)
    OSMemGet                                 0x08020c87   Thumb Code    62  os_mem.o(.text)
    OSMemNameGet                             0x08020cc5   Thumb Code    60  os_mem.o(.text)
    OSMemNameSet                             0x08020d01   Thumb Code    48  os_mem.o(.text)
    OSMemPut                                 0x08020d31   Thumb Code    54  os_mem.o(.text)
    OSMemQuery                               0x08020d67   Thumb Code    52  os_mem.o(.text)
    OS_MemInit                               0x08020d9b   Thumb Code    74  os_mem.o(.text)
    OSQAccept                                0x08020df5   Thumb Code    88  os_q.o(.text)
    OSQCreate                                0x08020e4d   Thumb Code   144  os_q.o(.text)
    OSQDel                                   0x08020edd   Thumb Code   244  os_q.o(.text)
    OSQFlush                                 0x08020fd1   Thumb Code    36  os_q.o(.text)
    OSQPend                                  0x08020ff5   Thumb Code   272  os_q.o(.text)
    OSQPendAbort                             0x08021105   Thumb Code   128  os_q.o(.text)
    OSQPost                                  0x08021185   Thumb Code   114  os_q.o(.text)
    OSQPostFront                             0x080211f7   Thumb Code   140  os_q.o(.text)
    OSQPostOpt                               0x08021283   Thumb Code   182  os_q.o(.text)
    OSQQuery                                 0x08021339   Thumb Code    98  os_q.o(.text)
    OS_QInit                                 0x0802139b   Thumb Code    72  os_q.o(.text)
    OSSemAccept                              0x080213ed   Thumb Code    42  os_sem.o(.text)
    OSSemCreate                              0x08021417   Thumb Code    72  os_sem.o(.text)
    OSSemDel                                 0x0802145f   Thumb Code   230  os_sem.o(.text)
    OSSemPend                                0x08021545   Thumb Code   222  os_sem.o(.text)
    OSSemPendAbort                           0x08021623   Thumb Code   128  os_sem.o(.text)
    OSSemPost                                0x080216a3   Thumb Code    88  os_sem.o(.text)
    OSSemQuery                               0x080216fb   Thumb Code    76  os_sem.o(.text)
    OSSemSet                                 0x08021747   Thumb Code    66  os_sem.o(.text)
    OSTaskChangePrio                         0x080217c9   Thumb Code   308  os_task.o(.text)
    OSTaskCreate                             0x080218fd   Thumb Code   148  os_task.o(.text)
    OS_TaskStkClr                            0x08021991   Thumb Code    26  os_task.o(.text)
    OSTaskCreateExt                          0x080219ab   Thumb Code   170  os_task.o(.text)
    OSTaskDel                                0x08021a55   Thumb Code   294  os_task.o(.text)
    OSTaskDelReq                             0x08021b7b   Thumb Code   144  os_task.o(.text)
    OSTaskNameGet                            0x08021c0b   Thumb Code   114  os_task.o(.text)
    OSTaskNameSet                            0x08021c7d   Thumb Code    98  os_task.o(.text)
    OSTaskResume                             0x08021cdf   Thumb Code   154  os_task.o(.text)
    OSTaskStkChk                             0x08021d79   Thumb Code   132  os_task.o(.text)
    OSTaskSuspend                            0x08021dfd   Thumb Code   152  os_task.o(.text)
    OSTaskQuery                              0x08021e95   Thumb Code    82  os_task.o(.text)
    OSTaskRegGet                             0x08021ee7   Thumb Code    60  os_task.o(.text)
    OSTaskRegSet                             0x08021f23   Thumb Code    62  os_task.o(.text)
    OS_TaskReturn                            0x08021f61   Thumb Code    18  os_task.o(.text)
    OSTimeDly                                0x08021f8d   Thumb Code   100  os_time.o(.text)
    OSTimeDlyHMSM                            0x08021ff1   Thumb Code    86  os_time.o(.text)
    OSTimeDlyResume                          0x08022047   Thumb Code   168  os_time.o(.text)
    OSTimeGet                                0x080220ef   Thumb Code    24  os_time.o(.text)
    OSTimeSet                                0x08022107   Thumb Code    24  os_time.o(.text)
    OSTmrCreate                              0x0802216f   Thumb Code    96  os_tmr.o(.text)
    OSTmrDel                                 0x08022247   Thumb Code   124  os_tmr.o(.text)
    OSTmrNameGet                             0x080222c3   Thumb Code   114  os_tmr.o(.text)
    OSTmrRemainGet                           0x08022335   Thumb Code   164  os_tmr.o(.text)
    OSTmrStateGet                            0x080223d9   Thumb Code    86  os_tmr.o(.text)
    OSTmrStart                               0x08022493   Thumb Code   128  os_tmr.o(.text)
    OSTmrStop                                0x08022513   Thumb Code   210  os_tmr.o(.text)
    OSTmrSignal                              0x080225e5   Thumb Code    16  os_tmr.o(.text)
    OSTmr_Init                               0x08022699   Thumb Code   172  os_tmr.o(.text)
    OSInitHookBegin                          0x080227ad   Thumb Code     8  os_cpu_c.o(.text)
    OSInitHookEnd                            0x080227b5   Thumb Code     2  os_cpu_c.o(.text)
    OSTaskCreateHook                         0x080227b7   Thumb Code     2  os_cpu_c.o(.text)
    OSTaskDelHook                            0x080227b9   Thumb Code     2  os_cpu_c.o(.text)
    OSTaskIdleHook                           0x080227bb   Thumb Code     2  os_cpu_c.o(.text)
    OSTaskStatHook                           0x080227bd   Thumb Code     2  os_cpu_c.o(.text)
    OSTaskStkInit                            0x080227bf   Thumb Code   426  os_cpu_c.o(.text)
    OSTaskSwHook                             0x08022969   Thumb Code     2  os_cpu_c.o(.text)
    OSTCBInitHook                            0x0802296b   Thumb Code     2  os_cpu_c.o(.text)
    OSTimeTickHook                           0x0802296d   Thumb Code    30  os_cpu_c.o(.text)
    OSTaskReturnHook                         0x0802298b   Thumb Code     2  os_cpu_c.o(.text)
    OS_CPU_SR_Save                           0x08022995   Thumb Code     0  os_cpu_a.o(.text)
    OS_CPU_SR_Restore                        0x0802299d   Thumb Code     0  os_cpu_a.o(.text)
    OSStartHighRdy                           0x080229a3   Thumb Code     0  os_cpu_a.o(.text)
    OSCtxSw                                  0x080229c7   Thumb Code     0  os_cpu_a.o(.text)
    OSIntCtxSw                               0x080229d5   Thumb Code     0  os_cpu_a.o(.text)
    PendSV_Handler                           0x080229e5   Thumb Code     0  os_cpu_a.o(.text)
    mymemcpy                                 0x08022a5d   Thumb Code    26  malloc.o(.text)
    mymemset                                 0x08022a77   Thumb Code    20  malloc.o(.text)
    mymem_init                               0x08022a8b   Thumb Code    54  malloc.o(.text)
    mem_perused                              0x08022ac1   Thumb Code    54  malloc.o(.text)
    mymem_malloc                             0x08022af7   Thumb Code   162  malloc.o(.text)
    mymem_free                               0x08022b99   Thumb Code    94  malloc.o(.text)
    myfree                                   0x08022bf7   Thumb Code    32  malloc.o(.text)
    mymalloc                                 0x08022c17   Thumb Code    36  malloc.o(.text)
    myrealloc                                0x08022c3b   Thumb Code    68  malloc.o(.text)
    __use_no_semihosting                     0x08022c91   Thumb Code     2  use_no_semi_2.o(.text)
    __rt_ctype_table                         0x08022c95   Thumb Code    16  rt_ctype_table.o(.text)
    __2printf                                0x08022ca5   Thumb Code    20  noretval__2printf.o(.text)
    __2sprintf                               0x08022cbd   Thumb Code    34  noretval__2sprintf.o(.text)
    _printf_pre_padding                      0x08022ce5   Thumb Code    44  _printf_pad.o(.text)
    _printf_post_padding                     0x08022d11   Thumb Code    34  _printf_pad.o(.text)
    _printf_str                              0x08022d33   Thumb Code    82  _printf_str.o(.text)
    _printf_int_dec                          0x08022d85   Thumb Code   104  _printf_dec.o(.text)
    _printf_int_hex                          0x08022dfd   Thumb Code    84  _printf_hex_int.o(.text)
    _printf_longlong_hex                     0x08022dfd   Thumb Code     0  _printf_hex_int.o(.text)
    __printf                                 0x08022e55   Thumb Code   388  __printf_flags_ss_wp.o(.text)
    memcmp                                   0x08022fdd   Thumb Code    88  memcmp.o(.text)
    strlen                                   0x08023035   Thumb Code    62  strlen.o(.text)
    __aeabi_memcpy                           0x08023073   Thumb Code     0  rt_memcpy_v6.o(.text)
    __rt_memcpy                              0x08023073   Thumb Code   138  rt_memcpy_v6.o(.text)
    _memcpy_lastbytes                        0x080230d9   Thumb Code     0  rt_memcpy_v6.o(.text)
    __aeabi_memcpy4                          0x080230fd   Thumb Code     0  rt_memcpy_w.o(.text)
    __aeabi_memcpy8                          0x080230fd   Thumb Code     0  rt_memcpy_w.o(.text)
    __rt_memcpy_w                            0x080230fd   Thumb Code   100  rt_memcpy_w.o(.text)
    _memcpy_lastbytes_aligned                0x08023145   Thumb Code     0  rt_memcpy_w.o(.text)
    __aeabi_memclr                           0x08023161   Thumb Code     0  rt_memclr.o(.text)
    __rt_memclr                              0x08023161   Thumb Code    68  rt_memclr.o(.text)
    _memset                                  0x08023165   Thumb Code     0  rt_memclr.o(.text)
    __aeabi_memclr4                          0x080231a5   Thumb Code     0  rt_memclr_w.o(.text)
    __aeabi_memclr8                          0x080231a5   Thumb Code     0  rt_memclr_w.o(.text)
    __rt_memclr_w                            0x080231a5   Thumb Code    78  rt_memclr_w.o(.text)
    _memset_w                                0x080231a9   Thumb Code     0  rt_memclr_w.o(.text)
    strcmp                                   0x080231f5   Thumb Code   128  strcmpv7m.o(.text)
    __use_two_region_memory                  0x08023275   Thumb Code     2  heapauxi.o(.text)
    __rt_heap_escrow$2region                 0x08023277   Thumb Code     2  heapauxi.o(.text)
    __rt_heap_expand$2region                 0x08023279   Thumb Code     2  heapauxi.o(.text)
    __I$use$semihosting                      0x0802327b   Thumb Code     0  use_no_semi.o(.text)
    __use_no_semihosting_swi                 0x0802327b   Thumb Code     2  use_no_semi.o(.text)
    __rt_locale                              0x0802327d   Thumb Code     8  rt_locale_intlibspace.o(.text)
    __read_errno                             0x08023285   Thumb Code    10  _rserrno.o(.text)
    __set_errno                              0x0802328f   Thumb Code    12  _rserrno.o(.text)
    _printf_int_common                       0x0802329b   Thumb Code   178  _printf_intcommon.o(.text)
    __lib_sel_fp_printf                      0x0802334d   Thumb Code     2  _printf_fp_dec.o(.text)
    _printf_fp_dec_real                      0x080234ff   Thumb Code   620  _printf_fp_dec.o(.text)
    _printf_char_common                      0x08023777   Thumb Code    32  _printf_char_common.o(.text)
    _sputc                                   0x0802379d   Thumb Code    10  _sputc.o(.text)
    _printf_cs_common                        0x080237a7   Thumb Code    20  _printf_char.o(.text)
    _printf_char                             0x080237bb   Thumb Code    16  _printf_char.o(.text)
    _printf_string                           0x080237cb   Thumb Code     8  _printf_char.o(.text)
    _printf_char_file                        0x080237d5   Thumb Code    32  _printf_char_file.o(.text)
    __user_libspace                          0x080237f9   Thumb Code     8  libspace.o(.text)
    __user_perproc_libspace                  0x080237f9   Thumb Code     0  libspace.o(.text)
    __user_perthread_libspace                0x080237f9   Thumb Code     0  libspace.o(.text)
    __aeabi_errno_addr                       0x08023801   Thumb Code     8  rt_errno_addr_intlibspace.o(.text)
    __errno$intlibspace                      0x08023801   Thumb Code     0  rt_errno_addr_intlibspace.o(.text)
    __rt_errno_addr$intlibspace              0x08023801   Thumb Code     0  rt_errno_addr_intlibspace.o(.text)
    _ll_udiv10                               0x08023809   Thumb Code   138  lludiv10.o(.text)
    _printf_fp_infnan                        0x08023895   Thumb Code   112  _printf_fp_infnan.o(.text)
    _btod_etento                             0x08023915   Thumb Code   224  bigflt0.o(.text)
    ferror                                   0x080239f9   Thumb Code     8  ferror.o(.text)
    __user_setup_stackheap                   0x08023a01   Thumb Code    74  sys_stackheap_outer.o(.text)
    exit                                     0x08023a4b   Thumb Code    18  exit.o(.text)
    _btod_d2e                                0x08023a5d   Thumb Code    62  btod.o(CL$$btod_d2e)
    _d2e_denorm_low                          0x08023a9b   Thumb Code    70  btod.o(CL$$btod_d2e_denorm_low)
    _d2e_norm_op1                            0x08023ae1   Thumb Code    96  btod.o(CL$$btod_d2e_norm_op1)
    __btod_div_common                        0x08023b41   Thumb Code   696  btod.o(CL$$btod_div_common)
    _e2e                                     0x08023e79   Thumb Code   220  btod.o(CL$$btod_e2e)
    _btod_ediv                               0x08023f55   Thumb Code    42  btod.o(CL$$btod_ediv)
    _btod_emul                               0x08023f7f   Thumb Code    42  btod.o(CL$$btod_emul)
    __btod_mult_common                       0x08023fa9   Thumb Code   580  btod.o(CL$$btod_mult_common)
    __ARM_fpclassify                         0x080241ed   Thumb Code    48  fpclassify.o(i.__ARM_fpclassify)
    __ARM_fpclassifyf                        0x0802421d   Thumb Code    38  fpclassifyf.o(i.__ARM_fpclassifyf)
    __hardfp_cosf                            0x08024245   Thumb Code   280  cosf.o(i.__hardfp_cosf)
    __hardfp_fabs                            0x08024395   Thumb Code    20  fabs.o(i.__hardfp_fabs)
    __hardfp_sinf                            0x080243a9   Thumb Code   344  sinf.o(i.__hardfp_sinf)
    __hardfp_sqrtf                           0x08024539   Thumb Code    58  sqrtf.o(i.__hardfp_sqrtf)
    __mathlib_flt_infnan                     0x08024573   Thumb Code     6  funder.o(i.__mathlib_flt_infnan)
    __mathlib_flt_invalid                    0x08024579   Thumb Code    10  funder.o(i.__mathlib_flt_invalid)
    __mathlib_flt_underflow                  0x08024589   Thumb Code    10  funder.o(i.__mathlib_flt_underflow)
    __mathlib_rredf2                         0x08024599   Thumb Code   316  rredf.o(i.__mathlib_rredf2)
    _is_digit                                0x080246ed   Thumb Code    14  __printf_wp.o(i._is_digit)
    _get_lc_ctype                            0x080246fd   Thumb Code    44  lc_ctype_c.o(locale$$code)
    _get_lc_numeric                          0x08024729   Thumb Code    44  lc_numeric_c.o(locale$$code)
    __aeabi_dneg                             0x08024755   Thumb Code     0  basic.o(x$fpl$basic)
    _dneg                                    0x08024755   Thumb Code     6  basic.o(x$fpl$basic)
    __aeabi_fneg                             0x0802475b   Thumb Code     0  basic.o(x$fpl$basic)
    _fneg                                    0x0802475b   Thumb Code     6  basic.o(x$fpl$basic)
    _dabs                                    0x08024761   Thumb Code     6  basic.o(x$fpl$basic)
    _fabs                                    0x08024767   Thumb Code     6  basic.o(x$fpl$basic)
    __aeabi_d2f                              0x0802476d   Thumb Code     0  d2f.o(x$fpl$d2f)
    _d2f                                     0x0802476d   Thumb Code    98  d2f.o(x$fpl$d2f)
    __aeabi_dadd                             0x080247d1   Thumb Code     0  daddsub_clz.o(x$fpl$dadd)
    _dadd                                    0x080247d1   Thumb Code   332  daddsub_clz.o(x$fpl$dadd)
    __fpl_dcmp_Inf                           0x08024921   Thumb Code    24  dcmpi.o(x$fpl$dcmpinf)
    __aeabi_ddiv                             0x08024939   Thumb Code     0  ddiv.o(x$fpl$ddiv)
    _ddiv                                    0x08024939   Thumb Code   552  ddiv.o(x$fpl$ddiv)
    __aeabi_d2uiz                            0x08024be9   Thumb Code     0  dfixu.o(x$fpl$dfixu)
    _dfixu                                   0x08024be9   Thumb Code    90  dfixu.o(x$fpl$dfixu)
    __aeabi_ui2d                             0x08024c43   Thumb Code     0  dflt_clz.o(x$fpl$dfltu)
    _dfltu                                   0x08024c43   Thumb Code    38  dflt_clz.o(x$fpl$dfltu)
    __aeabi_cdcmple                          0x08024c69   Thumb Code     0  dleqf.o(x$fpl$dleqf)
    _dcmple                                  0x08024c69   Thumb Code   120  dleqf.o(x$fpl$dleqf)
    __fpl_dcmple_InfNaN                      0x08024ccb   Thumb Code     0  dleqf.o(x$fpl$dleqf)
    __aeabi_dmul                             0x08024ce1   Thumb Code     0  dmul.o(x$fpl$dmul)
    _dmul                                    0x08024ce1   Thumb Code   332  dmul.o(x$fpl$dmul)
    __fpl_dnaninf                            0x08024e35   Thumb Code   156  dnaninf.o(x$fpl$dnaninf)
    __fpl_dretinf                            0x08024ed1   Thumb Code    12  dretinf.o(x$fpl$dretinf)
    __aeabi_dsub                             0x08024edd   Thumb Code     0  daddsub_clz.o(x$fpl$dsub)
    _dsub                                    0x08024edd   Thumb Code   464  daddsub_clz.o(x$fpl$dsub)
    __aeabi_f2d                              0x080250b1   Thumb Code     0  f2d.o(x$fpl$f2d)
    _f2d                                     0x080250b1   Thumb Code    86  f2d.o(x$fpl$f2d)
    __fpl_fnaninf                            0x08025107   Thumb Code   140  fnaninf.o(x$fpl$fnaninf)
    _fp_init                                 0x08025193   Thumb Code    10  fpinit.o(x$fpl$fpinit)
    __fplib_config_fpu_vfp                   0x0802519b   Thumb Code     0  fpinit.o(x$fpl$fpinit)
    __fplib_config_pureend_doubles           0x0802519b   Thumb Code     0  fpinit.o(x$fpl$fpinit)
    __fpl_fretinf                            0x0802519d   Thumb Code    10  fretinf.o(x$fpl$fretinf)
    _printf_fp_dec                           0x080251a7   Thumb Code     4  printf1.o(x$fpl$printf1)
    __I$use$fp                               0x080251aa   Number         0  usenofp.o(x$fpl$usenofp)
    asc2_1206                                0x080251aa   Data        1140  lcd.o(.constdata)
    asc2_1608                                0x0802561e   Data        1520  lcd.o(.constdata)
    asc2_2412                                0x08025c0e   Data        3420  lcd.o(.constdata)
    FSMC_DefaultTimingStruct                 0x0802696c   Data          28  stm32f4xx_fsmc.o(.constdata)
    ethbroadcast                             0x08026988   Data           6  etharp.o(.constdata)
    ethzero                                  0x0802698e   Data           6  etharp.o(.constdata)
    ip_addr_any                              0x08026994   Data           4  ip_addr.o(.constdata)
    ip_addr_broadcast                        0x08026998   Data           4  ip_addr.o(.constdata)
    tcp_state_str                            0x080269d4   Data          44  tcp.o(.constdata)
    tcp_backoff                              0x08026a00   Data          13  tcp.o(.constdata)
    tcp_persist_backoff                      0x08026a0d   Data           7  tcp.o(.constdata)
    tcp_pcb_lists                            0x08026a14   Data          16  tcp.o(.constdata)
    pvNullPointer                            0x08026a24   Data           4  sys_arch.o(.constdata)
    OSUnMapTbl                               0x08026a68   Data         256  os_core.o(.constdata)
    memtblsize                               0x08026b68   Data          12  malloc.o(.constdata)
    memblksize                               0x08026b74   Data          12  malloc.o(.constdata)
    memsize                                  0x08026b80   Data          12  malloc.o(.constdata)
    Region$$Table$$Base                      0x08027118   Number         0  anon$$obj.o(Region$$Table)
    Region$$Table$$Limit                     0x08027138   Number         0  anon$$obj.o(Region$$Table)
    __ctype                                  0x08027145   Data           0  lc_ctype_c.o(locale$$data)
    mem3base                                 0x10000000   Data       61440  malloc.o(.ARM.__AT_0x10000000)
    mem3mapbase                              0x1000f000   Data        3840  malloc.o(.ARM.__AT_0x1000F000)
    SystemCoreClock                          0x20000000   Data           4  system_stm32f4xx.o(.data)
    AHBPrescTable                            0x20000004   Data          16  system_stm32f4xx.o(.data)
    POINT_COLOR                              0x20000016   Data           2  lcd.o(.data)
    BACK_COLOR                               0x20000018   Data           2  lcd.o(.data)
    DMARxDscrTab                             0x2000001c   Data           4  lan8720.o(.data)
    DMATxDscrTab                             0x20000020   Data           4  lan8720.o(.data)
    Rx_Buff                                  0x20000024   Data           4  lan8720.o(.data)
    Tx_Buff                                  0x20000028   Data           4  lan8720.o(.data)
    ADDR                                     0x2000002c   Data           1  sensor.o(.data)
    ZF_flag                                  0x2000002d   Data           6  sensor.o(.data)
    xun                                      0x20000033   Data           1  sensor.o(.data)
    Rx_Buffer                                0x20000034   Data           6  sensor.o(.data)
    Rx_Cnt                                   0x2000003a   Data           1  sensor.o(.data)
    Rx_Cmd                                   0x2000003b   Data           1  sensor.o(.data)
    Rx_Num                                   0x2000003c   Data           1  sensor.o(.data)
    Rx_Flag                                  0x2000003d   Data           1  sensor.o(.data)
    DMATxDescToSet                           0x20000050   Data           4  stm32f4x7_eth.o(.data)
    DMARxDescToGet                           0x20000054   Data           4  stm32f4x7_eth.o(.data)
    DMA_RX_FRAME_infos                       0x20000058   Data           4  stm32f4x7_eth.o(.data)
    Frame_Rx_index                           0x2000005c   Data           4  stm32f4x7_eth.o(.data)
    __stdout                                 0x20000064   Data           4  usart.o(.data)
    USART_RX_STA                             0x20000068   Data           2  usart.o(.data)
    sys_cmd_tab                              0x2000006c   Data          28  usmart.o(.data)
    usmart_nametab                           0x20000088   Data          88  usmart_config.o(.data)
    usmart_dev                               0x200000e0   Data         244  usmart_config.o(.data)
    TCPIP_THREAD_TASK_STK                    0x200001d4   Data           4  lwip_comm.o(.data)
    LWIP_DHCP_TASK_STK                       0x200001d8   Data           4  lwip_comm.o(.data)
    udp_demo_sendbuf                         0x200001dc   Data           4  udp_demo.o(.data)
    udp_flag                                 0x200001e0   Data           1  udp_demo.o(.data)
    test                                     0x200001e4   Data          72  udp_demo.o(.data)
    current_netif                            0x2000023c   Data           4  ip.o(.data)
    current_header                           0x20000240   Data           4  ip.o(.data)
    current_iphdr_src                        0x20000244   Data           4  ip.o(.data)
    current_iphdr_dest                       0x20000248   Data           4  ip.o(.data)
    memp_memory                              0x20000294   Data           4  memp.o(.data)
    netif_list                               0x20000298   Data           4  netif.o(.data)
    netif_default                            0x2000029c   Data           4  netif.o(.data)
    tcp_ticks                                0x200002ac   Data           4  tcp.o(.data)
    tcp_bound_pcbs                           0x200002b0   Data           4  tcp.o(.data)
    tcp_listen_pcbs                          0x200002b4   Data           4  tcp.o(.data)
    tcp_active_pcbs                          0x200002b8   Data           4  tcp.o(.data)
    tcp_tw_pcbs                              0x200002bc   Data           4  tcp.o(.data)
    tcp_tmp_pcb                              0x200002c0   Data           4  tcp.o(.data)
    tcp_active_pcbs_changed                  0x200002c4   Data           1  tcp.o(.data)
    tcp_input_pcb                            0x200002e8   Data           4  tcp_in.o(.data)
    udp_pcbs                                 0x200002f8   Data           4  udp.o(.data)
    ram_heap                                 0x200002fc   Data           4  mem.o(.data)
    OSCtxSwCtr                               0x20000324   Data           4  os_core.o(.data)
    OSEventFreeList                          0x20000328   Data           4  os_core.o(.data)
    OSFlagFreeList                           0x2000032c   Data           4  os_core.o(.data)
    OSCPUUsage                               0x20000330   Data           1  os_core.o(.data)
    OSIdleCtrMax                             0x20000334   Data           4  os_core.o(.data)
    OSIdleCtrRun                             0x20000338   Data           4  os_core.o(.data)
    OSStatRdy                                0x2000033c   Data           1  os_core.o(.data)
    OSIntNesting                             0x2000033d   Data           1  os_core.o(.data)
    OSLockNesting                            0x2000033e   Data           1  os_core.o(.data)
    OSPrioCur                                0x2000033f   Data           1  os_core.o(.data)
    OSPrioHighRdy                            0x20000340   Data           1  os_core.o(.data)
    OSRdyGrp                                 0x20000341   Data           1  os_core.o(.data)
    OSRdyTbl                                 0x20000342   Data           8  os_core.o(.data)
    OSRunning                                0x2000034a   Data           1  os_core.o(.data)
    OSTaskCtr                                0x2000034b   Data           1  os_core.o(.data)
    OSIdleCtr                                0x2000034c   Data           4  os_core.o(.data)
    OSTCBCur                                 0x20000350   Data           4  os_core.o(.data)
    OSTCBFreeList                            0x20000354   Data           4  os_core.o(.data)
    OSTCBHighRdy                             0x20000358   Data           4  os_core.o(.data)
    OSTCBList                                0x2000035c   Data           4  os_core.o(.data)
    OSTickStepState                          0x20000360   Data           1  os_core.o(.data)
    OSMemFreeList                            0x20000364   Data           4  os_core.o(.data)
    OSQFreeList                              0x20000368   Data           4  os_core.o(.data)
    OSTime                                   0x2000036c   Data           4  os_core.o(.data)
    OSTmrFree                                0x20000370   Data           2  os_core.o(.data)
    OSTmrUsed                                0x20000372   Data           2  os_core.o(.data)
    OSTmrTime                                0x20000374   Data           4  os_core.o(.data)
    OSTmrSem                                 0x20000378   Data           4  os_core.o(.data)
    OSTmrSemSignal                           0x2000037c   Data           4  os_core.o(.data)
    OSTmrFreeList                            0x20000380   Data           4  os_core.o(.data)
    OSInterrputSum                           0x20000384   Data           4  os_cpu_c.o(.data)
    mallco_dev                               0x2000038c   Data          36  malloc.o(.data)
    KEY_TASK_STK                             0x200003b0   Data         512  main.o(.bss)
    LED_TASK_STK                             0x200005b0   Data         256  main.o(.bss)
    DISPLAY_TASK_STK                         0x200006b0   Data         512  main.o(.bss)
    START_TASK_STK                           0x200008b0   Data         512  main.o(.bss)
    MOTOR_TASK_STK                           0x20000ab0   Data         512  main.o(.bss)
    lcddev                                   0x20000cb0   Data          14  lcd.o(.bss)
    out                                      0x20000cc0   Data          24  sensor.o(.bss)
    out2                                     0x20000cd8   Data          24  sensor.o(.bss)
    out3                                     0x20000cf0   Data          24  sensor.o(.bss)
    anglef                                   0x20000d08   Data          24  sensor.o(.bss)
    anglef2                                  0x20000d20   Data          24  sensor.o(.bss)
    anglef3                                  0x20000d38   Data          24  sensor.o(.bss)
    anglem                                   0x20000d50   Data          24  sensor.o(.bss)
    angle                                    0x20000d68   Data          24  sensor.o(.bss)
    angle2                                   0x20000d80   Data          24  sensor.o(.bss)
    angle3                                   0x20000d98   Data          24  sensor.o(.bss)
    angle_udp                                0x20000db0   Data          72  sensor.o(.bss)
    RX_Frame_Descriptor                      0x20000df8   Data          12  stm32f4x7_eth.o(.bss)
    USART_RX_BUF                             0x20000e04   Data         200  usart.o(.bss)
    lwipdev                                  0x20000ecc   Data          23  lwip_comm.o(.bss)
    lwip_netif                               0x20000ee4   Data          52  lwip_comm.o(.bss)
    UDP_TASK_STK                             0x20000f18   Data        1200  udp_demo.o(.bss)
    udp_demo_recvbuf                         0x200013c8   Data        2000  udp_demo.o(.bss)
    dhcp_rx_options_val                      0x20001c70   Data          40  dhcp.o(.bss)
    dhcp_rx_options_given                    0x20001c98   Data          10  dhcp.o(.bss)
    OSEventTbl                               0x20001d50   Data         240  os_core.o(.bss)
    OSFlagTbl                                0x20001e40   Data          80  os_core.o(.bss)
    OSTaskStatStk                            0x20001e90   Data         512  os_core.o(.bss)
    OSTaskIdleStk                            0x20002090   Data         512  os_core.o(.bss)
    OSTCBPrioTbl                             0x20002290   Data         256  os_core.o(.bss)
    OSTCBTbl                                 0x20002390   Data        1008  os_core.o(.bss)
    OSMemTbl                                 0x20002780   Data         120  os_core.o(.bss)
    OSQTbl                                   0x200027f8   Data         120  os_core.o(.bss)
    OSTmrTbl                                 0x20002870   Data         640  os_core.o(.bss)
    OSTmrTaskStk                             0x20002af0   Data         512  os_core.o(.bss)
    OSTmrWheelTbl                            0x20002cf0   Data          64  os_core.o(.bss)
    mem1base                                 0x20002d30   Data       102400  malloc.o(.bss)
    mem1mapbase                              0x2001bd30   Data        6400  malloc.o(.bss)
    __libspace_start                         0x2001d630   Data          96  libspace.o(.bss)
    __temporary_stack_top$libspace           0x2001d690   Data           0  libspace.o(.bss)
    mem2base                                 0x68000000   Data       204800  malloc.o(.ARM.__AT_0x68000000)
    mem2mapbase                              0x68032000   Data       12800  malloc.o(.ARM.__AT_0x68032000)



==============================================================================

Memory Map of the image

  Image Entry point : 0x08000189

  Load Region LR_IROM1 (Base: 0x08000000, Size: 0x00027614, Max: 0x00100000, ABSOLUTE, COMPRESSED[0x000273a0])

    Execution Region ER_IROM1 (Exec base: 0x08000000, Load base: 0x08000000, Size: 0x00027264, Max: 0x00100000, ABSOLUTE)

    Exec Addr    Load Addr    Size         Type   Attr      Idx    E Section Name        Object

    0x08000000   0x08000000   0x00000188   Data   RO          729    RESET               startup_stm32f40_41xxx.o
    0x08000188   0x08000188   0x00000008   Code   RO         2540  * !!!main             c_w.l(__main.o)
    0x08000190   0x08000190   0x00000034   Code   RO         2959    !!!scatter          c_w.l(__scatter.o)
    0x080001c4   0x080001c4   0x0000005a   Code   RO         2957    !!dczerorl2         c_w.l(__dczerorl2.o)
    0x0800021e   0x0800021e   0x00000002   PAD
    0x08000220   0x08000220   0x0000001c   Code   RO         2961    !!handler_zi        c_w.l(__scatter_zi.o)
    0x0800023c   0x0800023c   0x00000000   Code   RO         2523    .ARM.Collect$$_printf_percent$$00000000  c_w.l(_printf_percent.o)
    0x0800023c   0x0800023c   0x00000006   Code   RO         2522    .ARM.Collect$$_printf_percent$$00000003  c_w.l(_printf_f.o)
    0x08000242   0x08000242   0x00000006   Code   RO         2520    .ARM.Collect$$_printf_percent$$00000009  c_w.l(_printf_d.o)
    0x08000248   0x08000248   0x00000006   Code   RO         2521    .ARM.Collect$$_printf_percent$$0000000A  c_w.l(_printf_u.o)
    0x0800024e   0x0800024e   0x00000006   Code   RO         2519    .ARM.Collect$$_printf_percent$$0000000C  c_w.l(_printf_x.o)
    0x08000254   0x08000254   0x00000006   Code   RO         2517    .ARM.Collect$$_printf_percent$$00000013  c_w.l(_printf_c.o)
    0x0800025a   0x0800025a   0x00000006   Code   RO         2518    .ARM.Collect$$_printf_percent$$00000014  c_w.l(_printf_s.o)
    0x08000260   0x08000260   0x00000004   Code   RO         2686    .ARM.Collect$$_printf_percent$$00000017  c_w.l(_printf_percent_end.o)
    0x08000264   0x08000264   0x00000002   Code   RO         2879    .ARM.Collect$$libinit$$00000000  c_w.l(libinit.o)
    0x08000266   0x08000266   0x00000004   Code   RO         2813    .ARM.Collect$$libinit$$00000001  c_w.l(libinit2.o)
    0x0800026a   0x0800026a   0x00000000   Code   RO         2816    .ARM.Collect$$libinit$$00000004  c_w.l(libinit2.o)
    0x0800026a   0x0800026a   0x00000000   Code   RO         2819    .ARM.Collect$$libinit$$0000000A  c_w.l(libinit2.o)
    0x0800026a   0x0800026a   0x00000000   Code   RO         2821    .ARM.Collect$$libinit$$0000000C  c_w.l(libinit2.o)
    0x0800026a   0x0800026a   0x00000000   Code   RO         2823    .ARM.Collect$$libinit$$0000000E  c_w.l(libinit2.o)
    0x0800026a   0x0800026a   0x00000006   Code   RO         2824    .ARM.Collect$$libinit$$0000000F  c_w.l(libinit2.o)
    0x08000270   0x08000270   0x00000000   Code   RO         2826    .ARM.Collect$$libinit$$00000011  c_w.l(libinit2.o)
    0x08000270   0x08000270   0x0000000c   Code   RO         2827    .ARM.Collect$$libinit$$00000012  c_w.l(libinit2.o)
    0x0800027c   0x0800027c   0x00000000   Code   RO         2828    .ARM.Collect$$libinit$$00000013  c_w.l(libinit2.o)
    0x0800027c   0x0800027c   0x00000000   Code   RO         2830    .ARM.Collect$$libinit$$00000015  c_w.l(libinit2.o)
    0x0800027c   0x0800027c   0x0000000a   Code   RO         2831    .ARM.Collect$$libinit$$00000016  c_w.l(libinit2.o)
    0x08000286   0x08000286   0x00000000   Code   RO         2832    .ARM.Collect$$libinit$$00000017  c_w.l(libinit2.o)
    0x08000286   0x08000286   0x00000000   Code   RO         2834    .ARM.Collect$$libinit$$00000019  c_w.l(libinit2.o)
    0x08000286   0x08000286   0x00000000   Code   RO         2836    .ARM.Collect$$libinit$$0000001B  c_w.l(libinit2.o)
    0x08000286   0x08000286   0x00000000   Code   RO         2838    .ARM.Collect$$libinit$$0000001D  c_w.l(libinit2.o)
    0x08000286   0x08000286   0x00000000   Code   RO         2840    .ARM.Collect$$libinit$$0000001F  c_w.l(libinit2.o)
    0x08000286   0x08000286   0x00000000   Code   RO         2842    .ARM.Collect$$libinit$$00000021  c_w.l(libinit2.o)
    0x08000286   0x08000286   0x00000000   Code   RO         2844    .ARM.Collect$$libinit$$00000023  c_w.l(libinit2.o)
    0x08000286   0x08000286   0x00000000   Code   RO         2846    .ARM.Collect$$libinit$$00000025  c_w.l(libinit2.o)
    0x08000286   0x08000286   0x00000000   Code   RO         2850    .ARM.Collect$$libinit$$0000002C  c_w.l(libinit2.o)
    0x08000286   0x08000286   0x00000000   Code   RO         2852    .ARM.Collect$$libinit$$0000002E  c_w.l(libinit2.o)
    0x08000286   0x08000286   0x00000000   Code   RO         2854    .ARM.Collect$$libinit$$00000030  c_w.l(libinit2.o)
    0x08000286   0x08000286   0x00000000   Code   RO         2856    .ARM.Collect$$libinit$$00000032  c_w.l(libinit2.o)
    0x08000286   0x08000286   0x00000002   Code   RO         2857    .ARM.Collect$$libinit$$00000033  c_w.l(libinit2.o)
    0x08000288   0x08000288   0x00000002   Code   RO         2912    .ARM.Collect$$libshutdown$$00000000  c_w.l(libshutdown.o)
    0x0800028a   0x0800028a   0x00000000   Code   RO         2918    .ARM.Collect$$libshutdown$$00000002  c_w.l(libshutdown2.o)
    0x0800028a   0x0800028a   0x00000000   Code   RO         2920    .ARM.Collect$$libshutdown$$00000004  c_w.l(libshutdown2.o)
    0x0800028a   0x0800028a   0x00000000   Code   RO         2922    .ARM.Collect$$libshutdown$$00000006  c_w.l(libshutdown2.o)
    0x0800028a   0x0800028a   0x00000000   Code   RO         2925    .ARM.Collect$$libshutdown$$00000009  c_w.l(libshutdown2.o)
    0x0800028a   0x0800028a   0x00000000   Code   RO         2928    .ARM.Collect$$libshutdown$$0000000C  c_w.l(libshutdown2.o)
    0x0800028a   0x0800028a   0x00000000   Code   RO         2930    .ARM.Collect$$libshutdown$$0000000E  c_w.l(libshutdown2.o)
    0x0800028a   0x0800028a   0x00000000   Code   RO         2933    .ARM.Collect$$libshutdown$$00000011  c_w.l(libshutdown2.o)
    0x0800028a   0x0800028a   0x00000002   Code   RO         2934    .ARM.Collect$$libshutdown$$00000012  c_w.l(libshutdown2.o)
    0x0800028c   0x0800028c   0x00000000   Code   RO         2666    .ARM.Collect$$rtentry$$00000000  c_w.l(__rtentry.o)
    0x0800028c   0x0800028c   0x00000000   Code   RO         2756    .ARM.Collect$$rtentry$$00000002  c_w.l(__rtentry2.o)
    0x0800028c   0x0800028c   0x00000006   Code   RO         2768    .ARM.Collect$$rtentry$$00000004  c_w.l(__rtentry4.o)
    0x08000292   0x08000292   0x00000000   Code   RO         2758    .ARM.Collect$$rtentry$$00000009  c_w.l(__rtentry2.o)
    0x08000292   0x08000292   0x00000004   Code   RO         2759    .ARM.Collect$$rtentry$$0000000A  c_w.l(__rtentry2.o)
    0x08000296   0x08000296   0x00000000   Code   RO         2761    .ARM.Collect$$rtentry$$0000000C  c_w.l(__rtentry2.o)
    0x08000296   0x08000296   0x00000008   Code   RO         2762    .ARM.Collect$$rtentry$$0000000D  c_w.l(__rtentry2.o)
    0x0800029e   0x0800029e   0x00000002   Code   RO         2882    .ARM.Collect$$rtexit$$00000000  c_w.l(rtexit.o)
    0x080002a0   0x080002a0   0x00000000   Code   RO         2891    .ARM.Collect$$rtexit$$00000002  c_w.l(rtexit2.o)
    0x080002a0   0x080002a0   0x00000004   Code   RO         2892    .ARM.Collect$$rtexit$$00000003  c_w.l(rtexit2.o)
    0x080002a4   0x080002a4   0x00000006   Code   RO         2893    .ARM.Collect$$rtexit$$00000004  c_w.l(rtexit2.o)
    0x080002aa   0x080002aa   0x00000002   PAD
    0x080002ac   0x080002ac   0x00001eb0   Code   RO            3    .text               main.o
    0x0800215c   0x0800215c   0x00000014   Code   RO          243    .text               stm32f4xx_it.o
    0x08002170   0x08002170   0x00000210   Code   RO          367    .text               system_stm32f4xx.o
    0x08002380   0x08002380   0x00000084   Code   RO          393    .text               led.o
    0x08002404   0x08002404   0x00000070   Code   RO          445    .text               timer.o
    0x08002474   0x08002474   0x000000e0   Code   RO          482    .text               key.o
    0x08002554   0x08002554   0x00004ca8   Code   RO          509    .text               lcd.o
    0x080071fc   0x080071fc   0x00000390   Code   RO          551    .text               lan8720.o
    0x0800758c   0x0800758c   0x000002a4   Code   RO          586    .text               sram.o
    0x08007830   0x08007830   0x000013d8   Code   RO          609    .text               sensor.o
    0x08008c08   0x08008c08   0x000001a8   Code   RO          631    .text               pid.o
    0x08008db0   0x08008db0   0x000002b0   Code   RO          648    .text               pwm.o
    0x08009060   0x08009060   0x00002310   Code   RO          666    .text               odcalc.o
    0x0800b370   0x0800b370   0x000000e0   Code   RO          680    .text               adc.o
    0x0800b450   0x0800b450   0x00000040   Code   RO          730    .text               startup_stm32f40_41xxx.o
    0x0800b490   0x0800b490   0x000000e0   Code   RO          736    .text               misc.o
    0x0800b570   0x0800b570   0x00000294   Code   RO          756    .text               stm32f4xx_gpio.o
    0x0800b804   0x0800b804   0x0000065c   Code   RO          776    .text               stm32f4xx_rcc.o
    0x0800be60   0x0800be60   0x00000094   Code   RO          798    .text               stm32f4xx_syscfg.o
    0x0800bef4   0x0800bef4   0x00000ca2   Code   RO          818    .text               stm32f4xx_tim.o
    0x0800cb96   0x0800cb96   0x00000002   PAD
    0x0800cb98   0x0800cb98   0x00000454   Code   RO          838    .text               stm32f4xx_usart.o
    0x0800cfec   0x0800cfec   0x00000e40   Code   RO          858    .text               stm32f4x7_eth.o
    0x0800de2c   0x0800de2c   0x00000464   Code   RO          885    .text               stm32f4xx_adc.o
    0x0800e290   0x0800e290   0x000005c8   Code   RO          905    .text               stm32f4xx_fsmc.o
    0x0800e858   0x0800e858   0x00000128   Code   RO          928    .text               delay.o
    0x0800e980   0x0800e980   0x0000015c   Code   RO          982    .text               usart.o
    0x0800eadc   0x0800eadc   0x00000c3c   Code   RO         1013    .text               usmart.o
    0x0800f718   0x0800f718   0x00000528   Code   RO         1065    .text               usmart_str.o
    0x0800fc40   0x0800fc40   0x00000518   Code   RO         1085    .text               lwip_comm.o
    0x08010158   0x08010158   0x0000016c   Code   RO         1213    .text               udp_demo.o
    0x080102c4   0x080102c4   0x00000e84   Code   RO         1263    .text               etharp.o
    0x08011148   0x08011148   0x00000228   Code   RO         1307    .text               ethernetif.o
    0x08011370   0x08011370   0x00000424   Code   RO         1363    .text               icmp.o
    0x08011794   0x08011794   0x000002b4   Code   RO         1428    .text               inet_chksum.o
    0x08011a48   0x08011a48   0x00000430   Code   RO         1448    .text               ip.o
    0x08011e78   0x08011e78   0x0000032c   Code   RO         1483    .text               ip_addr.o
    0x080121a4   0x080121a4   0x00000a28   Code   RO         1520    .text               ip_frag.o
    0x08012bcc   0x08012bcc   0x0000003e   Code   RO         1545    .text               def.o
    0x08012c0a   0x08012c0a   0x00000002   PAD
    0x08012c0c   0x08012c0c   0x00001a6c   Code   RO         1565    .text               dhcp.o
    0x08014678   0x08014678   0x00000024   Code   RO         1607    .text               init.o
    0x0801469c   0x0801469c   0x000001d4   Code   RO         1642    .text               memp.o
    0x08014870   0x08014870   0x00000340   Code   RO         1683    .text               netif.o
    0x08014bb0   0x08014bb0   0x000010a0   Code   RO         1713    .text               pbuf.o
    0x08015c50   0x08015c50   0x0000024c   Code   RO         1733    .text               raw.o
    0x08015e9c   0x08015e9c   0x0000148c   Code   RO         1769    .text               tcp.o
    0x08017328   0x08017328   0x00001878   Code   RO         1801    .text               tcp_in.o
    0x08018ba0   0x08018ba0   0x00001346   Code   RO         1832    .text               tcp_out.o
    0x08019ee6   0x08019ee6   0x00000002   PAD
    0x08019ee8   0x08019ee8   0x00000330   Code   RO         1853    .text               timers.o
    0x0801a218   0x0801a218   0x000005e8   Code   RO         1902    .text               udp.o
    0x0801a800   0x0801a800   0x00000744   Code   RO         1939    .text               mem.o
    0x0801af44   0x0801af44   0x000003d4   Code   RO         1962    .text               sys_arch.o
    0x0801b318   0x0801b318   0x00000bfc   Code   RO         1995    .text               api_lib.o
    0x0801bf14   0x0801bf14   0x000017c0   Code   RO         2034    .text               api_msg.o
    0x0801d6d4   0x0801d6d4   0x000003b0   Code   RO         2077    .text               netbuf.o
    0x0801da84   0x0801da84   0x00001c58   Code   RO         2128    .text               sockets.o
    0x0801f6dc   0x0801f6dc   0x000003b8   Code   RO         2152    .text               tcpip.o
    0x0801fa94   0x0801fa94   0x00000970   Code   RO         2183    .text               os_core.o
    0x08020404   0x08020404   0x0000080c   Code   RO         2211    .text               os_flag.o
    0x08020c10   0x08020c10   0x000001e4   Code   RO         2251    .text               os_mem.o
    0x08020df4   0x08020df4   0x000005f8   Code   RO         2291    .text               os_q.o
    0x080213ec   0x080213ec   0x000003dc   Code   RO         2311    .text               os_sem.o
    0x080217c8   0x080217c8   0x000007c4   Code   RO         2331    .text               os_task.o
    0x08021f8c   0x08021f8c   0x000001b0   Code   RO         2351    .text               os_time.o
    0x0802213c   0x0802213c   0x00000670   Code   RO         2371    .text               os_tmr.o
    0x080227ac   0x080227ac   0x000001e8   Code   RO         2391    .text               os_cpu_c.o
    0x08022994   0x08022994   0x000000c8   Code   RO         2419    .text               os_cpu_a.o
    0x08022a5c   0x08022a5c   0x00000234   Code   RO         2424    .text               malloc.o
    0x08022c90   0x08022c90   0x00000002   Code   RO         2456    .text               c_w.l(use_no_semi_2.o)
    0x08022c92   0x08022c92   0x00000002   PAD
    0x08022c94   0x08022c94   0x00000010   Code   RO         2458    .text               c_w.l(rt_ctype_table.o)
    0x08022ca4   0x08022ca4   0x00000018   Code   RO         2464    .text               c_w.l(noretval__2printf.o)
    0x08022cbc   0x08022cbc   0x00000028   Code   RO         2466    .text               c_w.l(noretval__2sprintf.o)
    0x08022ce4   0x08022ce4   0x0000004e   Code   RO         2470    .text               c_w.l(_printf_pad.o)
    0x08022d32   0x08022d32   0x00000052   Code   RO         2472    .text               c_w.l(_printf_str.o)
    0x08022d84   0x08022d84   0x00000078   Code   RO         2474    .text               c_w.l(_printf_dec.o)
    0x08022dfc   0x08022dfc   0x00000058   Code   RO         2479    .text               c_w.l(_printf_hex_int.o)
    0x08022e54   0x08022e54   0x00000188   Code   RO         2514    .text               c_w.l(__printf_flags_ss_wp.o)
    0x08022fdc   0x08022fdc   0x00000058   Code   RO         2524    .text               c_w.l(memcmp.o)
    0x08023034   0x08023034   0x0000003e   Code   RO         2526    .text               c_w.l(strlen.o)
    0x08023072   0x08023072   0x0000008a   Code   RO         2528    .text               c_w.l(rt_memcpy_v6.o)
    0x080230fc   0x080230fc   0x00000064   Code   RO         2530    .text               c_w.l(rt_memcpy_w.o)
    0x08023160   0x08023160   0x00000044   Code   RO         2532    .text               c_w.l(rt_memclr.o)
    0x080231a4   0x080231a4   0x0000004e   Code   RO         2534    .text               c_w.l(rt_memclr_w.o)
    0x080231f2   0x080231f2   0x00000002   PAD
    0x080231f4   0x080231f4   0x00000080   Code   RO         2536    .text               c_w.l(strcmpv7m.o)
    0x08023274   0x08023274   0x00000006   Code   RO         2538    .text               c_w.l(heapauxi.o)
    0x0802327a   0x0802327a   0x00000002   Code   RO         2664    .text               c_w.l(use_no_semi.o)
    0x0802327c   0x0802327c   0x00000008   Code   RO         2670    .text               c_w.l(rt_locale_intlibspace.o)
    0x08023284   0x08023284   0x00000016   Code   RO         2672    .text               c_w.l(_rserrno.o)
    0x0802329a   0x0802329a   0x000000b2   Code   RO         2674    .text               c_w.l(_printf_intcommon.o)
    0x0802334c   0x0802334c   0x0000041e   Code   RO         2676    .text               c_w.l(_printf_fp_dec.o)
    0x0802376a   0x0802376a   0x00000002   PAD
    0x0802376c   0x0802376c   0x00000030   Code   RO         2678    .text               c_w.l(_printf_char_common.o)
    0x0802379c   0x0802379c   0x0000000a   Code   RO         2680    .text               c_w.l(_sputc.o)
    0x080237a6   0x080237a6   0x0000002c   Code   RO         2682    .text               c_w.l(_printf_char.o)
    0x080237d2   0x080237d2   0x00000002   PAD
    0x080237d4   0x080237d4   0x00000024   Code   RO         2684    .text               c_w.l(_printf_char_file.o)
    0x080237f8   0x080237f8   0x00000008   Code   RO         2752    .text               c_w.l(libspace.o)
    0x08023800   0x08023800   0x00000008   Code   RO         2773    .text               c_w.l(rt_errno_addr_intlibspace.o)
    0x08023808   0x08023808   0x0000008a   Code   RO         2775    .text               c_w.l(lludiv10.o)
    0x08023892   0x08023892   0x00000002   PAD
    0x08023894   0x08023894   0x00000080   Code   RO         2777    .text               c_w.l(_printf_fp_infnan.o)
    0x08023914   0x08023914   0x000000e4   Code   RO         2781    .text               c_w.l(bigflt0.o)
    0x080239f8   0x080239f8   0x00000008   Code   RO         2806    .text               c_w.l(ferror.o)
    0x08023a00   0x08023a00   0x0000004a   Code   RO         2868    .text               c_w.l(sys_stackheap_outer.o)
    0x08023a4a   0x08023a4a   0x00000012   Code   RO         2870    .text               c_w.l(exit.o)
    0x08023a5c   0x08023a5c   0x0000003e   Code   RO         2784    CL$$btod_d2e        c_w.l(btod.o)
    0x08023a9a   0x08023a9a   0x00000046   Code   RO         2786    CL$$btod_d2e_denorm_low  c_w.l(btod.o)
    0x08023ae0   0x08023ae0   0x00000060   Code   RO         2785    CL$$btod_d2e_norm_op1  c_w.l(btod.o)
    0x08023b40   0x08023b40   0x00000338   Code   RO         2794    CL$$btod_div_common  c_w.l(btod.o)
    0x08023e78   0x08023e78   0x000000dc   Code   RO         2791    CL$$btod_e2e        c_w.l(btod.o)
    0x08023f54   0x08023f54   0x0000002a   Code   RO         2788    CL$$btod_ediv       c_w.l(btod.o)
    0x08023f7e   0x08023f7e   0x0000002a   Code   RO         2787    CL$$btod_emul       c_w.l(btod.o)
    0x08023fa8   0x08023fa8   0x00000244   Code   RO         2793    CL$$btod_mult_common  c_w.l(btod.o)
    0x080241ec   0x080241ec   0x00000030   Code   RO         2864    i.__ARM_fpclassify  m_wm.l(fpclassify.o)
    0x0802421c   0x0802421c   0x00000026   Code   RO         2722    i.__ARM_fpclassifyf  m_wm.l(fpclassifyf.o)
    0x08024242   0x08024242   0x00000002   PAD
    0x08024244   0x08024244   0x00000150   Code   RO         2586    i.__hardfp_cosf     m_wm.l(cosf.o)
    0x08024394   0x08024394   0x00000014   Code   RO         2598    i.__hardfp_fabs     m_wm.l(fabs.o)
    0x080243a8   0x080243a8   0x00000190   Code   RO         2628    i.__hardfp_sinf     m_wm.l(sinf.o)
    0x08024538   0x08024538   0x0000003a   Code   RO         2652    i.__hardfp_sqrtf    m_wm.l(sqrtf.o)
    0x08024572   0x08024572   0x00000006   Code   RO         2725    i.__mathlib_flt_infnan  m_wm.l(funder.o)
    0x08024578   0x08024578   0x00000010   Code   RO         2727    i.__mathlib_flt_invalid  m_wm.l(funder.o)
    0x08024588   0x08024588   0x00000010   Code   RO         2730    i.__mathlib_flt_underflow  m_wm.l(funder.o)
    0x08024598   0x08024598   0x00000154   Code   RO         2743    i.__mathlib_rredf2  m_wm.l(rredf.o)
    0x080246ec   0x080246ec   0x0000000e   Code   RO         2507    i._is_digit         c_w.l(__printf_wp.o)
    0x080246fa   0x080246fa   0x00000002   PAD
    0x080246fc   0x080246fc   0x0000002c   Code   RO         2688    locale$$code        c_w.l(lc_ctype_c.o)
    0x08024728   0x08024728   0x0000002c   Code   RO         2811    locale$$code        c_w.l(lc_numeric_c.o)
    0x08024754   0x08024754   0x00000018   Code   RO         2542    x$fpl$basic         fz_wm.l(basic.o)
    0x0802476c   0x0802476c   0x00000062   Code   RO         2544    x$fpl$d2f           fz_wm.l(d2f.o)
    0x080247ce   0x080247ce   0x00000002   PAD
    0x080247d0   0x080247d0   0x00000150   Code   RO         2546    x$fpl$dadd          fz_wm.l(daddsub_clz.o)
    0x08024920   0x08024920   0x00000018   Code   RO         2690    x$fpl$dcmpinf       fz_wm.l(dcmpi.o)
    0x08024938   0x08024938   0x000002b0   Code   RO         2553    x$fpl$ddiv          fz_wm.l(ddiv.o)
    0x08024be8   0x08024be8   0x0000005a   Code   RO         2556    x$fpl$dfixu         fz_wm.l(dfixu.o)
    0x08024c42   0x08024c42   0x00000026   Code   RO         2560    x$fpl$dfltu         fz_wm.l(dflt_clz.o)
    0x08024c68   0x08024c68   0x00000078   Code   RO         2566    x$fpl$dleqf         fz_wm.l(dleqf.o)
    0x08024ce0   0x08024ce0   0x00000154   Code   RO         2568    x$fpl$dmul          fz_wm.l(dmul.o)
    0x08024e34   0x08024e34   0x0000009c   Code   RO         2692    x$fpl$dnaninf       fz_wm.l(dnaninf.o)
    0x08024ed0   0x08024ed0   0x0000000c   Code   RO         2696    x$fpl$dretinf       fz_wm.l(dretinf.o)
    0x08024edc   0x08024edc   0x000001d4   Code   RO         2548    x$fpl$dsub          fz_wm.l(daddsub_clz.o)
    0x080250b0   0x080250b0   0x00000056   Code   RO         2570    x$fpl$f2d           fz_wm.l(f2d.o)
    0x08025106   0x08025106   0x0000008c   Code   RO         2700    x$fpl$fnaninf       fz_wm.l(fnaninf.o)
    0x08025192   0x08025192   0x0000000a   Code   RO         2880    x$fpl$fpinit        fz_wm.l(fpinit.o)
    0x0802519c   0x0802519c   0x0000000a   Code   RO         2702    x$fpl$fretinf       fz_wm.l(fretinf.o)
    0x080251a6   0x080251a6   0x00000004   Code   RO         2572    x$fpl$printf1       fz_wm.l(printf1.o)
    0x080251aa   0x080251aa   0x00000000   Code   RO         2704    x$fpl$usenofp       fz_wm.l(usenofp.o)
    0x080251aa   0x080251aa   0x000017c0   Data   RO          511    .constdata          lcd.o
    0x0802696a   0x0802696a   0x00000002   PAD
    0x0802696c   0x0802696c   0x0000001c   Data   RO          906    .constdata          stm32f4xx_fsmc.o
    0x08026988   0x08026988   0x0000000c   Data   RO         1265    .constdata          etharp.o
    0x08026994   0x08026994   0x00000008   Data   RO         1485    .constdata          ip_addr.o
    0x0802699c   0x0802699c   0x00000038   Data   RO         1644    .constdata          memp.o
    0x080269d4   0x080269d4   0x00000050   Data   RO         1770    .constdata          tcp.o
    0x08026a24   0x08026a24   0x00000004   Data   RO         1963    .constdata          sys_arch.o
    0x08026a28   0x08026a28   0x00000040   Data   RO         2130    .constdata          sockets.o
    0x08026a68   0x08026a68   0x00000100   Data   RO         2185    .constdata          os_core.o
    0x08026b68   0x08026b68   0x00000024   Data   RO         2430    .constdata          malloc.o
    0x08026b8c   0x08026b8c   0x00000028   Data   RO         2480    .constdata          c_w.l(_printf_hex_int.o)
    0x08026bb4   0x08026bb4   0x00000011   Data   RO         2515    .constdata          c_w.l(__printf_flags_ss_wp.o)
    0x08026bc5   0x08026bc5   0x00000003   PAD
    0x08026bc8   0x08026bc8   0x00000020   Data   RO         2744    .constdata          m_wm.l(rredf.o)
    0x08026be8   0x08026be8   0x00000094   Data   RO         2782    .constdata          c_w.l(bigflt0.o)
    0x08026c7c   0x08026c7c   0x00000061   Data   RO            5    .conststring        main.o
    0x08026cdd   0x08026cdd   0x00000003   PAD
    0x08026ce0   0x08026ce0   0x00000028   Data   RO         1014    .conststring        usmart.o
    0x08026d08   0x08026d08   0x000001a7   Data   RO         1044    .conststring        usmart_config.o
    0x08026eaf   0x08026eaf   0x00000001   PAD
    0x08026eb0   0x08026eb0   0x00000030   Data   RO         1215    .conststring        udp_demo.o
    0x08026ee0   0x08026ee0   0x00000044   Data   RO         1266    .conststring        etharp.o
    0x08026f24   0x08026f24   0x0000008c   Data   RO         1567    .conststring        dhcp.o
    0x08026fb0   0x08026fb0   0x000000a0   Data   RO         1645    .conststring        memp.o
    0x08027050   0x08027050   0x0000006d   Data   RO         1771    .conststring        tcp.o
    0x080270bd   0x080270bd   0x00000003   PAD
    0x080270c0   0x080270c0   0x00000055   Data   RO         1833    .conststring        tcp_out.o
    0x08027115   0x08027115   0x00000003   PAD
    0x08027118   0x08027118   0x00000020   Data   RO         2955    Region$$Table       anon$$obj.o
    0x08027138   0x08027138   0x00000110   Data   RO         2687    locale$$data        c_w.l(lc_ctype_c.o)
    0x08027248   0x08027248   0x0000001c   Data   RO         2810    locale$$data        c_w.l(lc_numeric_c.o)


    Execution Region RW_IRAM1 (Exec base: 0x20000000, Load base: 0x08027264, Size: 0x0001dc90, Max: 0x00020000, ABSOLUTE, COMPRESSED[0x0000013c])

    Exec Addr    Load Addr    Size         Type   Attr      Idx    E Section Name        Object

    0x20000000   COMPRESSED   0x00000014   Data   RW          368    .data               system_stm32f4xx.o
    0x20000014   COMPRESSED   0x00000001   Data   RW          483    .data               key.o
    0x20000015   COMPRESSED   0x00000001   PAD
    0x20000016   COMPRESSED   0x00000004   Data   RW          512    .data               lcd.o
    0x2000001a   COMPRESSED   0x00000002   PAD
    0x2000001c   COMPRESSED   0x00000010   Data   RW          552    .data               lan8720.o
    0x2000002c   COMPRESSED   0x00000012   Data   RW          611    .data               sensor.o
    0x2000003e   COMPRESSED   0x00000010   Data   RW          777    .data               stm32f4xx_rcc.o
    0x2000004e   COMPRESSED   0x00000002   PAD
    0x20000050   COMPRESSED   0x00000010   Data   RW          860    .data               stm32f4x7_eth.o
    0x20000060   COMPRESSED   0x00000004   Data   RW          929    .data               delay.o
    0x20000064   COMPRESSED   0x00000006   Data   RW          984    .data               usart.o
    0x2000006a   COMPRESSED   0x00000002   PAD
    0x2000006c   COMPRESSED   0x0000001c   Data   RW         1015    .data               usmart.o
    0x20000088   COMPRESSED   0x0000014c   Data   RW         1045    .data               usmart_config.o
    0x200001d4   COMPRESSED   0x00000008   Data   RW         1087    .data               lwip_comm.o
    0x200001dc   COMPRESSED   0x0000005c   Data   RW         1216    .data               udp_demo.o
    0x20000238   COMPRESSED   0x00000001   Data   RW         1267    .data               etharp.o
    0x20000239   COMPRESSED   0x00000003   PAD
    0x2000023c   COMPRESSED   0x00000012   Data   RW         1449    .data               ip.o
    0x2000024e   COMPRESSED   0x00000002   PAD
    0x20000250   COMPRESSED   0x00000006   Data   RW         1521    .data               ip_frag.o
    0x20000256   COMPRESSED   0x00000002   PAD
    0x20000258   COMPRESSED   0x00000004   Data   RW         1568    .data               dhcp.o
    0x2000025c   COMPRESSED   0x0000003c   Data   RW         1646    .data               memp.o
    0x20000298   COMPRESSED   0x00000009   Data   RW         1684    .data               netif.o
    0x200002a1   COMPRESSED   0x00000003   PAD
    0x200002a4   COMPRESSED   0x00000004   Data   RW         1734    .data               raw.o
    0x200002a8   COMPRESSED   0x00000024   Data   RW         1772    .data               tcp.o
    0x200002cc   COMPRESSED   0x00000020   Data   RW         1803    .data               tcp_in.o
    0x200002ec   COMPRESSED   0x00000008   Data   RW         1854    .data               timers.o
    0x200002f4   COMPRESSED   0x00000008   Data   RW         1903    .data               udp.o
    0x200002fc   COMPRESSED   0x00000014   Data   RW         1940    .data               mem.o
    0x20000310   COMPRESSED   0x00000008   Data   RW         2131    .data               sockets.o
    0x20000318   COMPRESSED   0x0000000c   Data   RW         2153    .data               tcpip.o
    0x20000324   COMPRESSED   0x00000060   Data   RW         2186    .data               os_core.o
    0x20000384   COMPRESSED   0x00000006   Data   RW         2392    .data               os_cpu_c.o
    0x2000038a   COMPRESSED   0x00000002   PAD
    0x2000038c   COMPRESSED   0x00000024   Data   RW         2431    .data               malloc.o
    0x200003b0        -       0x00000900   Zero   RW            4    .bss                main.o
    0x20000cb0        -       0x0000000e   Zero   RW          510    .bss                lcd.o
    0x20000cbe   COMPRESSED   0x00000002   PAD
    0x20000cc0        -       0x00000138   Zero   RW          610    .bss                sensor.o
    0x20000df8        -       0x0000000c   Zero   RW          859    .bss                stm32f4x7_eth.o
    0x20000e04        -       0x000000c8   Zero   RW          983    .bss                usart.o
    0x20000ecc        -       0x0000004c   Zero   RW         1086    .bss                lwip_comm.o
    0x20000f18        -       0x00000c80   Zero   RW         1214    .bss                udp_demo.o
    0x20001b98        -       0x000000c8   Zero   RW         1264    .bss                etharp.o
    0x20001c60        -       0x00000010   Zero   RW         1484    .bss                ip_addr.o
    0x20001c70        -       0x00000032   Zero   RW         1566    .bss                dhcp.o
    0x20001ca2   COMPRESSED   0x00000002   PAD
    0x20001ca4        -       0x00000038   Zero   RW         1643    .bss                memp.o
    0x20001cdc        -       0x00000014   Zero   RW         1802    .bss                tcp_in.o
    0x20001cf0        -       0x00000060   Zero   RW         2129    .bss                sockets.o
    0x20001d50        -       0x00000fe0   Zero   RW         2184    .bss                os_core.o
    0x20002d30        -       0x0001a900   Zero   RW         2429    .bss                malloc.o
    0x2001d630        -       0x00000060   Zero   RW         2753    .bss                c_w.l(libspace.o)
    0x2001d690        -       0x00000200   Zero   RW          728    HEAP                startup_stm32f40_41xxx.o
    0x2001d890        -       0x00000400   Zero   RW          727    STACK               startup_stm32f40_41xxx.o



  Load Region LR$$.ARM.__AT_0x10000000 (Base: 0x10000000, Size: 0x00000000, Max: 0x0000f000, ABSOLUTE)

    Execution Region ER$$.ARM.__AT_0x10000000 (Exec base: 0x10000000, Load base: 0x10000000, Size: 0x0000f000, Max: 0x0000f000, ABSOLUTE, UNINIT)

    Exec Addr    Load Addr    Size         Type   Attr      Idx    E Section Name        Object

    0x10000000        -       0x0000f000   Zero   RW         2425    .ARM.__AT_0x10000000  malloc.o



  Load Region LR$$.ARM.__AT_0x1000F000 (Base: 0x1000f000, Size: 0x00000000, Max: 0x00000f00, ABSOLUTE)

    Execution Region ER$$.ARM.__AT_0x1000F000 (Exec base: 0x1000f000, Load base: 0x1000f000, Size: 0x00000f00, Max: 0x00000f00, ABSOLUTE, UNINIT)

    Exec Addr    Load Addr    Size         Type   Attr      Idx    E Section Name        Object

    0x1000f000        -       0x00000f00   Zero   RW         2426    .ARM.__AT_0x1000F000  malloc.o



  Load Region LR$$.ARM.__AT_0x68000000 (Base: 0x68000000, Size: 0x00000000, Max: 0x00032000, ABSOLUTE)

    Execution Region ER$$.ARM.__AT_0x68000000 (Exec base: 0x68000000, Load base: 0x68000000, Size: 0x00032000, Max: 0x00032000, ABSOLUTE, UNINIT)

    Exec Addr    Load Addr    Size         Type   Attr      Idx    E Section Name        Object

    0x68000000        -       0x00032000   Zero   RW         2427    .ARM.__AT_0x68000000  malloc.o



  Load Region LR$$.ARM.__AT_0x68032000 (Base: 0x68032000, Size: 0x00000000, Max: 0x00003200, ABSOLUTE)

    Execution Region ER$$.ARM.__AT_0x68032000 (Exec base: 0x68032000, Load base: 0x68032000, Size: 0x00003200, Max: 0x00003200, ABSOLUTE, UNINIT)

    Exec Addr    Load Addr    Size         Type   Attr      Idx    E Section Name        Object

    0x68032000        -       0x00003200   Zero   RW         2428    .ARM.__AT_0x68032000  malloc.o


==============================================================================

Image component sizes


      Code (inc. data)   RO Data    RW Data    ZI Data      Debug   Object Name

       224         10          0          0          0       1203   adc.o
      3068        818          0          0          0      18285   api_lib.o
      6080       1222          0          0          0      10755   api_msg.o
        62          0          0          0          0       1306   def.o
       296         16          0          4          0      11257   delay.o
      6764       1090        140          4         50      13778   dhcp.o
      3716        604         80          1        200      11099   etharp.o
       552        134          0          0          0       4970   ethernetif.o
      1060        372          0          0          0       7045   icmp.o
         0          0          0          0          0       1896   inet.o
       692        104          0          0          0       3213   inet_chksum.o
        36          0          0          0          0       4648   init.o
      1072        172          0         18          0       7431   ip.o
       812        112          8          0         16       9791   ip_addr.o
      2600        486          0          6          0       7660   ip_frag.o
       224         20          0          1          0        912   key.o
       912         56          0         16          0       3841   lan8720.o
     19624        168       6080          4         14      23010   lcd.o
       132         10          0          0          0     244063   led.o
      1304        474          0          8         76      31516   lwip_comm.o
      7856       1582         97          0       2304     268308   main.o
       564         18         36         36     391680       5119   malloc.o
      1860        568          0         20          0       4310   mem.o
       468        196        216         60         56       3268   memp.o
       224         20          0          0          0       2029   misc.o
       944        340          0          0          0       3229   netbuf.o
       832        124          0          9          0       6717   netif.o
      8976         86          0          0          0       3191   odcalc.o
      2416        248        256         96       4064      17380   os_core.o
       200         32          0          0          0        364   os_cpu_a.o
       488          8          0          6          0      12410   os_cpu_c.o
      2060         42          0          0          0       7296   os_flag.o
       484         16          0          0          0       3372   os_mem.o
      1528         34          0          0          0       5869   os_q.o
       988         64          0          0          0       4166   os_sem.o
      1988         70          0          0          0       7973   os_task.o
       432         30          0          0          0       1914   os_time.o
      1648        134          0          0          0       5837   os_tmr.o
      4256       1236          0          0          0       9789   pbuf.o
       424         48          0          0          0       2813   pid.o
       688         20          0          0          0       2689   pwm.o
       588        134          0          4          0       3593   raw.o
      5080        304          0         18        312       5325   sensor.o
      7256        666         64          8         96      18514   sockets.o
       676         18          0          0          0       2325   sram.o
        64         26        392          0       1536        872   startup_stm32f40_41xxx.o
      3648         96          0         16         12      20170   stm32f4x7_eth.o
      1124         24          0          0          0      10898   stm32f4xx_adc.o
      1480         18         28          0          0       5918   stm32f4xx_fsmc.o
       660         44          0          0          0       4365   stm32f4xx_gpio.o
        20          0          0          0          0      57183   stm32f4xx_it.o
      1628         52          0         16          0      13304   stm32f4xx_rcc.o
       148         12          0          0          0       1937   stm32f4xx_syscfg.o
      3234         60          0          0          0      23220   stm32f4xx_tim.o
      1108         34          0          0          0       8092   stm32f4xx_usart.o
       980        166          4          0          0       6750   sys_arch.o
       528         46          0         20          0       1887   system_stm32f4xx.o
      5260       1092        189         36          0      22367   tcp.o
      6264        964          0         32         20      15347   tcp_in.o
      4934        954         85          0          0      10151   tcp_out.o
       952        194          0         12          0      10324   tcpip.o
       112          4          0          0          0      36800   timer.o
       816        186          0          8          0       3779   timers.o
      1512        202          0          8          0      14685   udp.o
       364         90         48         92       3200      10463   udp_demo.o
       348         18          0          6        200       3450   usart.o
      3132       1290         40         28          0       4442   usmart.o
         0          0        423        332          0       1752   usmart_config.o
      1320         12          0          0          0       5409   usmart_str.o

    ----------------------------------------------------------------------
    141796      17490       8230        944     403840    1119044   Object Totals
         0          0         32          0          0          0   (incl. Generated)
         6          0         12         19          4          0   (incl. Padding)

    ----------------------------------------------------------------------

      Code (inc. data)   RO Data    RW Data    ZI Data      Debug   Library Member Name

        90          0          0          0          0          0   __dczerorl2.o
         8          0          0          0          0         68   __main.o
       392          4         17          0          0         92   __printf_flags_ss_wp.o
        14          0          0          0          0         68   __printf_wp.o
         0          0          0          0          0          0   __rtentry.o
        12          0          0          0          0          0   __rtentry2.o
         6          0          0          0          0          0   __rtentry4.o
        52          8          0          0          0          0   __scatter.o
        28          0          0          0          0          0   __scatter_zi.o
         6          0          0          0          0          0   _printf_c.o
        44          0          0          0          0        108   _printf_char.o
        48          6          0          0          0         96   _printf_char_common.o
        36          4          0          0          0         80   _printf_char_file.o
         6          0          0          0          0          0   _printf_d.o
       120         16          0          0          0         92   _printf_dec.o
         6          0          0          0          0          0   _printf_f.o
      1054          0          0          0          0        216   _printf_fp_dec.o
       128         16          0          0          0         84   _printf_fp_infnan.o
        88          4         40          0          0         88   _printf_hex_int.o
       178          0          0          0          0         88   _printf_intcommon.o
        78          0          0          0          0        108   _printf_pad.o
         0          0          0          0          0          0   _printf_percent.o
         4          0          0          0          0          0   _printf_percent_end.o
         6          0          0          0          0          0   _printf_s.o
        82          0          0          0          0         80   _printf_str.o
         6          0          0          0          0          0   _printf_u.o
         6          0          0          0          0          0   _printf_x.o
        22          0          0          0          0        100   _rserrno.o
        10          0          0          0          0         68   _sputc.o
       228          4        148          0          0         96   bigflt0.o
      1936        128          0          0          0        672   btod.o
        18          0          0          0          0         80   exit.o
         8          0          0          0          0         68   ferror.o
         6          0          0          0          0        152   heapauxi.o
        44         10        272          0          0         76   lc_ctype_c.o
        44         10         28          0          0         76   lc_numeric_c.o
         2          0          0          0          0          0   libinit.o
        34          0          0          0          0          0   libinit2.o
         2          0          0          0          0          0   libshutdown.o
         2          0          0          0          0          0   libshutdown2.o
         8          4          0          0         96         68   libspace.o
       138          0          0          0          0         80   lludiv10.o
        88          0          0          0          0         76   memcmp.o
        24          4          0          0          0         84   noretval__2printf.o
        40          6          0          0          0         84   noretval__2sprintf.o
        16          4          0          0          0         76   rt_ctype_table.o
         8          4          0          0          0         68   rt_errno_addr_intlibspace.o
         8          4          0          0          0         68   rt_locale_intlibspace.o
        68          0          0          0          0         68   rt_memclr.o
        78          0          0          0          0         80   rt_memclr_w.o
       138          0          0          0          0         68   rt_memcpy_v6.o
       100          0          0          0          0         80   rt_memcpy_w.o
         2          0          0          0          0          0   rtexit.o
        10          0          0          0          0          0   rtexit2.o
       128          0          0          0          0         68   strcmpv7m.o
        62          0          0          0          0         76   strlen.o
        74          0          0          0          0         80   sys_stackheap_outer.o
         2          0          0          0          0         68   use_no_semi.o
         2          0          0          0          0         68   use_no_semi_2.o
        24          0          0          0          0        164   basic.o
        98          4          0          0          0        140   d2f.o
       804         16          0          0          0        368   daddsub_clz.o
        24          0          0          0          0        116   dcmpi.o
       688        140          0          0          0        256   ddiv.o
        90          4          0          0          0        140   dfixu.o
        38          0          0          0          0        116   dflt_clz.o
       120          4          0          0          0        140   dleqf.o
       340         12          0          0          0        152   dmul.o
       156          4          0          0          0        140   dnaninf.o
        12          0          0          0          0        116   dretinf.o
        86          4          0          0          0        132   f2d.o
       140          4          0          0          0        132   fnaninf.o
        10          0          0          0          0        116   fpinit.o
        10          0          0          0          0        116   fretinf.o
         4          0          0          0          0        116   printf1.o
         0          0          0          0          0          0   usenofp.o
       336         56          0          0          0        136   cosf.o
        20          0          0          0          0        124   fabs.o
        48          0          0          0          0        124   fpclassify.o
        38          0          0          0          0        116   fpclassifyf.o
        38         12          0          0          0        348   funder.o
       340         24         32          0          0        160   rredf.o
       400         56          0          0          0        212   sinf.o
        58          0          0          0          0        136   sqrtf.o

    ----------------------------------------------------------------------
      9790        576        540          0         96       7732   Library Totals
        20          0          3          0          0          0   (incl. Padding)

    ----------------------------------------------------------------------

      Code (inc. data)   RO Data    RW Data    ZI Data      Debug   Library Name

      5848        236        505          0         96       3916   c_w.l
      2644        192          0          0          0       2460   fz_wm.l
      1278        148         32          0          0       1356   m_wm.l

    ----------------------------------------------------------------------
      9790        576        540          0         96       7732   Library Totals

    ----------------------------------------------------------------------

==============================================================================


      Code (inc. data)   RO Data    RW Data    ZI Data      Debug   

    151586      18066       8770        944     403936    1108740   Grand Totals
    151586      18066       8770        316     403936    1108740   ELF Image Totals (compressed)
    151586      18066       8770        316          0          0   ROM Totals

==============================================================================

    Total RO  Size (Code + RO Data)               160356 ( 156.60kB)
    Total RW  Size (RW Data + ZI Data)            404880 ( 395.39kB)
    Total ROM Size (Code + RO Data + RW Data)     160672 ( 156.91kB)

==============================================================================

